Component: ARM Compiler 5.06 update 7 (build 960) Tool: armlink [4d3601]

==============================================================================

Section Cross References

    startup_stm32f407xx.o(STACK) refers (Special) to heapauxi.o(.text) for __use_two_region_memory
    startup_stm32f407xx.o(HEAP) refers (Special) to heapauxi.o(.text) for __use_two_region_memory
    startup_stm32f407xx.o(RESET) refers (Special) to heapauxi.o(.text) for __use_two_region_memory
    startup_stm32f407xx.o(RESET) refers to startup_stm32f407xx.o(STACK) for __initial_sp
    startup_stm32f407xx.o(RESET) refers to startup_stm32f407xx.o(.text) for Reset_Handler
    startup_stm32f407xx.o(RESET) refers to stm32f4xx_it.o(i.NMI_Handler) for NMI_Handler
    startup_stm32f407xx.o(RESET) refers to stm32f4xx_it.o(i.HardFault_Handler) for HardFault_Handler
    startup_stm32f407xx.o(RESET) refers to stm32f4xx_it.o(i.MemManage_Handler) for MemManage_Handler
    startup_stm32f407xx.o(RESET) refers to stm32f4xx_it.o(i.BusFault_Handler) for BusFault_Handler
    startup_stm32f407xx.o(RESET) refers to stm32f4xx_it.o(i.UsageFault_Handler) for UsageFault_Handler
    startup_stm32f407xx.o(RESET) refers to stm32f4xx_it.o(i.SVC_Handler) for SVC_Handler
    startup_stm32f407xx.o(RESET) refers to stm32f4xx_it.o(i.DebugMon_Handler) for DebugMon_Handler
    startup_stm32f407xx.o(RESET) refers to stm32f4xx_it.o(i.PendSV_Handler) for PendSV_Handler
    startup_stm32f407xx.o(RESET) refers to stm32f4xx_it.o(i.SysTick_Handler) for SysTick_Handler
    startup_stm32f407xx.o(RESET) refers to stm32f4xx_it.o(i.DMA1_Stream5_IRQHandler) for DMA1_Stream5_IRQHandler
    startup_stm32f407xx.o(RESET) refers to stm32f4xx_it.o(i.USART2_IRQHandler) for USART2_IRQHandler
    startup_stm32f407xx.o(.text) refers (Special) to heapauxi.o(.text) for __use_two_region_memory
    startup_stm32f407xx.o(.text) refers to system_stm32f4xx.o(i.SystemInit) for SystemInit
    startup_stm32f407xx.o(.text) refers to __main.o(!!!main) for __main
    startup_stm32f407xx.o(.text) refers to startup_stm32f407xx.o(HEAP) for Heap_Mem
    startup_stm32f407xx.o(.text) refers to startup_stm32f407xx.o(STACK) for Stack_Mem
    fuzzy.o(i.fuzzy_defuz) refers to dmul.o(x$fpl$dmul) for __aeabi_dmul
    fuzzy.o(i.fuzzy_defuz) refers to daddsub_clz.o(x$fpl$dadd) for __aeabi_dadd
    fuzzy.o(i.fuzzy_defuz) refers to ddiv.o(x$fpl$ddiv) for __aeabi_ddiv
    fuzzy.o(i.fuzzy_fuzfication_input) refers to dleqf.o(x$fpl$dleqf) for __aeabi_cdcmple
    fuzzy.o(i.fuzzy_fuzfication_input) refers to drleqf.o(x$fpl$drleqf) for __aeabi_cdrcmple
    fuzzy.o(i.fuzzy_fuzfication_input) refers to daddsub_clz.o(x$fpl$dsub) for __aeabi_dsub
    fuzzy.o(i.fuzzy_fuzfication_input) refers to ddiv.o(x$fpl$ddiv) for __aeabi_ddiv
    fuzzy.o(i.fuzzy_fuzfication_output) refers to dleqf.o(x$fpl$dleqf) for __aeabi_cdcmple
    fuzzy.o(i.fuzzy_fuzfication_output) refers to drleqf.o(x$fpl$drleqf) for __aeabi_cdrcmple
    fuzzy.o(i.fuzzy_fuzfication_output) refers to daddsub_clz.o(x$fpl$dsub) for __aeabi_dsub
    fuzzy.o(i.fuzzy_fuzfication_output) refers to ddiv.o(x$fpl$ddiv) for __aeabi_ddiv
    fuzzy.o(i.fuzzy_logic_rule) refers to daddsub_clz.o(x$fpl$dsub) for __aeabi_dsub
    fuzzy.o(i.fuzzy_logic_rule) refers to dmul.o(x$fpl$dmul) for __aeabi_dmul
    fuzzy.o(i.fuzzy_logic_rule) refers to daddsub_clz.o(x$fpl$drsb) for __aeabi_drsub
    fuzzy.o(i.fuzzy_logic_rule) refers to daddsub_clz.o(x$fpl$dadd) for __aeabi_dadd
    komunikasi.o(i.komunikasi_init) refers to komunikasi.o(.data) for .data
    komunikasi.o(i.rx_feedback) refers to stm32f4xx_hal_uart.o(i.HAL_UART_Receive_DMA) for HAL_UART_Receive_DMA
    komunikasi.o(i.rx_feedback) refers to komunikasi.o(.data) for .data
    komunikasi.o(i.rx_get) refers to stm32f4xx_hal_uart.o(i.HAL_UART_Transmit) for HAL_UART_Transmit
    komunikasi.o(i.rx_get) refers to stm32f4xx_hal_uart.o(i.HAL_UART_Receive_DMA) for HAL_UART_Receive_DMA
    komunikasi.o(i.rx_get) refers to komunikasi.o(.bss) for .bss
    komunikasi.o(i.rx_get) refers to komunikasi.o(.data) for .data
    komunikasi.o(i.rx_start) refers to stm32f4xx_hal_uart.o(i.HAL_UART_Receive_DMA) for HAL_UART_Receive_DMA
    komunikasi.o(i.rx_start) refers to komunikasi.o(.data) for .data
    komunikasi.o(i.rx_start_get) refers to stm32f4xx_hal_uart.o(i.HAL_UART_Receive_DMA) for HAL_UART_Receive_DMA
    komunikasi.o(i.rx_start_get) refers to komunikasi.o(.bss) for .bss
    komunikasi.o(i.rx_start_get) refers to komunikasi.o(.data) for .data
    komunikasi.o(i.tx_move_jalan) refers to komunikasi.o(i.checksum_generator) for checksum_generator
    komunikasi.o(i.tx_move_jalan) refers to stm32f4xx_hal_uart.o(i.HAL_UART_Transmit) for HAL_UART_Transmit
    komunikasi.o(i.tx_move_jalan) refers to komunikasi.o(.data) for .data
    komunikasi.o(i.tx_move_rotasi) refers to komunikasi.o(i.checksum_generator) for checksum_generator
    komunikasi.o(i.tx_move_rotasi) refers to stm32f4xx_hal_uart.o(i.HAL_UART_Transmit) for HAL_UART_Transmit
[...]
    .ARM.Collect$$libshutdown$$00000006      0x08000206   Section        0  libshutdown2.o(.ARM.Collect$$libshutdown$$00000006)
    .ARM.Collect$$libshutdown$$00000009      0x08000206   Section        0  libshutdown2.o(.ARM.Collect$$libshutdown$$00000009)
    .ARM.Collect$$libshutdown$$0000000C      0x08000206   Section        0  libshutdown2.o(.ARM.Collect$$libshutdown$$0000000C)
    .ARM.Collect$$libshutdown$$0000000E      0x08000206   Section        0  libshutdown2.o(.ARM.Collect$$libshutdown$$0000000E)
    .ARM.Collect$$libshutdown$$00000011      0x08000206   Section        0  libshutdown2.o(.ARM.Collect$$libshutdown$$00000011)
    .ARM.Collect$$libshutdown$$00000012      0x08000206   Section        2  libshutdown2.o(.ARM.Collect$$libshutdown$$00000012)
    .ARM.Collect$$rtentry$$00000000          0x08000208   Section        0  __rtentry.o(.ARM.Collect$$rtentry$$00000000)
    .ARM.Collect$$rtentry$$00000002          0x08000208   Section        0  __rtentry2.o(.ARM.Collect$$rtentry$$00000002)
    .ARM.Collect$$rtentry$$00000004          0x08000208   Section        6  __rtentry4.o(.ARM.Collect$$rtentry$$00000004)
    .ARM.Collect$$rtentry$$00000009          0x0800020e   Section        0  __rtentry2.o(.ARM.Collect$$rtentry$$00000009)
    .ARM.Collect$$rtentry$$0000000A          0x0800020e   Section        4  __rtentry2.o(.ARM.Collect$$rtentry$$0000000A)
    .ARM.Collect$$rtentry$$0000000C          0x08000212   Section        0  __rtentry2.o(.ARM.Collect$$rtentry$$0000000C)
    .ARM.Collect$$rtentry$$0000000D          0x08000212   Section        8  __rtentry2.o(.ARM.Collect$$rtentry$$0000000D)
    .ARM.Collect$$rtexit$$00000000           0x0800021a   Section        2  rtexit.o(.ARM.Collect$$rtexit$$00000000)
    .ARM.Collect$$rtexit$$00000002           0x0800021c   Section        0  rtexit2.o(.ARM.Collect$$rtexit$$00000002)
    .ARM.Collect$$rtexit$$00000003           0x0800021c   Section        4  rtexit2.o(.ARM.Collect$$rtexit$$00000003)
    .ARM.Collect$$rtexit$$00000004           0x08000220   Section        6  rtexit2.o(.ARM.Collect$$rtexit$$00000004)
    .text                                    0x08000228   Section       64  startup_stm32f407xx.o(.text)
    $v0                                      0x08000228   Number         0  startup_stm32f407xx.o(.text)
    .text                                    0x08000268   Section      238  lludivv7m.o(.text)
    .text                                    0x08000356   Section      138  rt_memcpy_v6.o(.text)
    .text                                    0x080003e0   Section      100  rt_memcpy_w.o(.text)
    .text                                    0x08000444   Section       78  rt_memclr_w.o(.text)
    .text                                    0x08000492   Section        0  heapauxi.o(.text)
    .text                                    0x08000498   Section       74  sys_stackheap_outer.o(.text)
    .text                                    0x080004e2   Section        0  exit.o(.text)
    .text                                    0x080004f4   Section        8  libspace.o(.text)
    .text                                    0x080004fc   Section        0  sys_exit.o(.text)
    .text                                    0x08000508   Section        2  use_no_semi.o(.text)
    .text                                    0x0800050a   Section        0  indicate_semi.o(.text)
    i.BusFault_Handler                       0x0800050a   Section        0  stm32f4xx_it.o(i.BusFault_Handler)
    i.DMA1_Stream5_IRQHandler                0x0800050c   Section        0  stm32f4xx_it.o(i.DMA1_Stream5_IRQHandler)
    i.DMA_CalcBaseAndBitshift                0x08000518   Section        0  stm32f4xx_hal_dma.o(i.DMA_CalcBaseAndBitshift)
    DMA_CalcBaseAndBitshift                  0x08000519   Thumb Code    34  stm32f4xx_hal_dma.o(i.DMA_CalcBaseAndBitshift)
    i.DMA_CheckFifoParam                     0x08000540   Section        0  stm32f4xx_hal_dma.o(i.DMA_CheckFifoParam)
    DMA_CheckFifoParam                       0x08000541   Thumb Code    84  stm32f4xx_hal_dma.o(i.DMA_CheckFifoParam)
    i.DMA_SetConfig                          0x08000594   Section        0  stm32f4xx_hal_dma.o(i.DMA_SetConfig)
    DMA_SetConfig                            0x08000595   Thumb Code    40  stm32f4xx_hal_dma.o(i.DMA_SetConfig)
    i.DWT_Delay_Init                         0x080005bc   Section        0  dwt_delay.o(i.DWT_Delay_Init)
    i.DebugMon_Handler                       0x08000600   Section        0  stm32f4xx_it.o(i.DebugMon_Handler)
    i.Error_Handler                          0x08000602   Section        0  main.o(i.Error_Handler)
    i.HAL_DMA_Abort                          0x08000606   Section        0  stm32f4xx_hal_dma.o(i.HAL_DMA_Abort)
    i.HAL_DMA_Abort_IT                       0x08000698   Section        0  stm32f4xx_hal_dma.o(i.HAL_DMA_Abort_IT)
    i.HAL_DMA_IRQHandler                     0x080006bc   Section        0  stm32f4xx_hal_dma.o(i.HAL_DMA_IRQHandler)
    i.HAL_DMA_Init                           0x0800085c   Section        0  stm32f4xx_hal_dma.o(i.HAL_DMA_Init)
    i.HAL_DMA_Start_IT                       0x08000930   Section        0  stm32f4xx_hal_dma.o(i.HAL_DMA_Start_IT)
    i.HAL_Delay                              0x080009a0   Section        0  stm32f4xx_hal.o(i.HAL_Delay)
    i.HAL_GPIO_Init                          0x080009c4   Section        0  stm32f4xx_hal_gpio.o(i.HAL_GPIO_Init)
    i.HAL_GPIO_TogglePin                     0x08000bb4   Section        0  stm32f4xx_hal_gpio.o(i.HAL_GPIO_TogglePin)
    i.HAL_GPIO_WritePin                      0x08000bc4   Section        0  stm32f4xx_hal_gpio.o(i.HAL_GPIO_WritePin)
    i.HAL_GetTick                            0x08000bd0   Section        0  stm32f4xx_hal.o(i.HAL_GetTick)
    i.HAL_HalfDuplex_EnableReceiver          0x08000bdc   Section        0  stm32f4xx_hal_uart.o(i.HAL_HalfDuplex_EnableReceiver)
    i.HAL_HalfDuplex_EnableTransmitter       0x08000c0e   Section        0  stm32f4xx_hal_uart.o(i.HAL_HalfDuplex_EnableTransmitter)
    i.HAL_HalfDuplex_Init                    0x08000c40   Section        0  stm32f4xx_hal_uart.o(i.HAL_HalfDuplex_Init)
    i.HAL_I2C_Init                           0x08000cac   Section        0  stm32f4xx_hal_i2c.o(i.HAL_I2C_Init)
    i.HAL_I2C_Master_Receive                 0x08000e34   Section        0  stm32f4xx_hal_i2c.o(i.HAL_I2C_Master_Receive)
    i.HAL_I2C_Master_Transmit                0x08001014   Section        0  stm32f4xx_hal_i2c.o(i.HAL_I2C_Master_Transmit)
    i.HAL_I2C_MspInit                        0x08001140   Section        0  stm32f4xx_hal_msp.o(i.HAL_I2C_MspInit)
    i.HAL_IncTick                            0x08001228   Section        0  stm32f4xx_hal.o(i.HAL_IncTick)
    i.HAL_Init                               0x08001238   Section        0  stm32f4xx_hal.o(i.HAL_Init)
    i.HAL_InitTick                           0x0800126c   Section        0  stm32f4xx_hal.o(i.HAL_InitTick)
    i.HAL_MspInit                            0x080012ac   Section        0  stm32f4xx_hal_msp.o(i.HAL_MspInit)
    i.HAL_NVIC_EnableIRQ                     0x080012dc   Section        0  stm32f4xx_hal_cortex.o(i.HAL_NVIC_EnableIRQ)
    i.HAL_NVIC_SetPriority                   0x080012f8   Section        0  stm32f4xx_hal_cortex.o(i.HAL_NVIC_SetPriority)
    i.HAL_NVIC_SetPriorityGrouping           0x08001338   Section        0  stm32f4xx_hal_cortex.o(i.HAL_NVIC_SetPriorityGrouping)
    i.HAL_RCC_ClockConfig                    0x0800135c   Section        0  stm32f4xx_hal_rcc.o(i.HAL_RCC_ClockConfig)
    i.HAL_RCC_GetPCLK1Freq                   0x08001490   Section        0  stm32f4xx_hal_rcc.o(i.HAL_RCC_GetPCLK1Freq)
    i.HAL_RCC_GetPCLK2Freq                   0x080014b0   Section        0  stm32f4xx_hal_rcc.o(i.HAL_RCC_GetPCLK2Freq)
    i.HAL_RCC_GetSysClockFreq                0x080014d0   Section        0  stm32f4xx_hal_rcc.o(i.HAL_RCC_GetSysClockFreq)
    i.HAL_RCC_OscConfig                      0x08001534   Section        0  stm32f4xx_hal_rcc.o(i.HAL_RCC_OscConfig)
    i.HAL_SYSTICK_Config                     0x080018a0   Section        0  stm32f4xx_hal_cortex.o(i.HAL_SYSTICK_Config)
    i.HAL_UARTEx_RxEventCallback             0x080018c8   Section        0  stm32f4xx_hal_uart.o(i.HAL_UARTEx_RxEventCallback)
    i.HAL_UART_ErrorCallback                 0x080018ca   Section        0  stm32f4xx_hal_uart.o(i.HAL_UART_ErrorCallback)
    i.HAL_UART_IRQHandler                    0x080018cc   Section        0  stm32f4xx_hal_uart.o(i.HAL_UART_IRQHandler)
    i.HAL_UART_Init                          0x08001b34   Section        0  stm32f4xx_hal_uart.o(i.HAL_UART_Init)
    i.HAL_UART_MspInit                       0x08001b98   Section        0  stm32f4xx_hal_msp.o(i.HAL_UART_MspInit)
    i.HAL_UART_Receive                       0x08001c8c   Section        0  stm32f4xx_hal_uart.o(i.HAL_UART_Receive)
    i.HAL_UART_Receive_DMA                   0x08001d4c   Section        0  stm32f4xx_hal_uart.o(i.HAL_UART_Receive_DMA)
    i.HAL_UART_RxCpltCallback                0x08001d78   Section        0  main.o(i.HAL_UART_RxCpltCallback)
    i.HAL_UART_RxHalfCpltCallback            0x08001d94   Section        0  stm32f4xx_hal_uart.o(i.HAL_UART_RxHalfCpltCallback)
    i.HAL_UART_Transmit                      0x08001d98   Section        0  stm32f4xx_hal_uart.o(i.HAL_UART_Transmit)
    i.HAL_UART_TxCpltCallback                0x08001e4a   Section        0  stm32f4xx_hal_uart.o(i.HAL_UART_TxCpltCallback)
    i.HardFault_Handler                      0x08001e4c   Section        0  stm32f4xx_it.o(i.HardFault_Handler)
    i.I2C_IsAcknowledgeFailed                0x08001e4e   Section        0  stm32f4xx_hal_i2c.o(i.I2C_IsAcknowledgeFailed)
    I2C_IsAcknowledgeFailed                  0x08001e4f   Thumb Code    46  stm32f4xx_hal_i2c.o(i.I2C_IsAcknowledgeFailed)
    i.I2C_MasterRequestRead                  0x08001e7c   Section        0  stm32f4xx_hal_i2c.o(i.I2C_MasterRequestRead)
    I2C_MasterRequestRead                    0x08001e7d   Thumb Code   230  stm32f4xx_hal_i2c.o(i.I2C_MasterRequestRead)
    i.I2C_MasterRequestWrite                 0x08001f68   Section        0  stm32f4xx_hal_i2c.o(i.I2C_MasterRequestWrite)
    I2C_MasterRequestWrite                   0x08001f69   Thumb Code   150  stm32f4xx_hal_i2c.o(i.I2C_MasterRequestWrite)
    i.I2C_WaitOnBTFFlagUntilTimeout          0x08002004   Section        0  stm32f4xx_hal_i2c.o(i.I2C_WaitOnBTFFlagUntilTimeout)
    I2C_WaitOnBTFFlagUntilTimeout            0x08002005   Thumb Code    76  stm32f4xx_hal_i2c.o(i.I2C_WaitOnBTFFlagUntilTimeout)
    i.I2C_WaitOnFlagUntilTimeout             0x08002050   Section        0  stm32f4xx_hal_i2c.o(i.I2C_WaitOnFlagUntilTimeout)
    I2C_WaitOnFlagUntilTimeout               0x08002051   Thumb Code   104  stm32f4xx_hal_i2c.o(i.I2C_WaitOnFlagUntilTimeout)
    i.I2C_WaitOnMasterAddressFlagUntilTimeout 0x080020b8   Section        0  stm32f4xx_hal_i2c.o(i.I2C_WaitOnMasterAddressFlagUntilTimeout)
    I2C_WaitOnMasterAddressFlagUntilTimeout  0x080020b9   Thumb Code   150  stm32f4xx_hal_i2c.o(i.I2C_WaitOnMasterAddressFlagUntilTimeout)
    i.I2C_WaitOnRXNEFlagUntilTimeout         0x0800214e   Section        0  stm32f4xx_hal_i2c.o(i.I2C_WaitOnRXNEFlagUntilTimeout)
    I2C_WaitOnRXNEFlagUntilTimeout           0x0800214f   Thumb Code   102  stm32f4xx_hal_i2c.o(i.I2C_WaitOnRXNEFlagUntilTimeout)
    i.I2C_WaitOnTXEFlagUntilTimeout          0x080021b4   Section        0  stm32f4xx_hal_i2c.o(i.I2C_WaitOnTXEFlagUntilTimeout)
    I2C_WaitOnTXEFlagUntilTimeout            0x080021b5   Thumb Code    76  stm32f4xx_hal_i2c.o(i.I2C_WaitOnTXEFlagUntilTimeout)
    i.MX_GPIO_Init                           0x08002200   Section        0  main.o(i.MX_GPIO_Init)
    MX_GPIO_Init                             0x08002201   Thumb Code   118  main.o(i.MX_GPIO_Init)
    i.MemManage_Handler                      0x08002280   Section        0  stm32f4xx_it.o(i.MemManage_Handler)
    i.NMI_Handler                            0x08002282   Section        0  stm32f4xx_it.o(i.NMI_Handler)
    i.PID                                    0x08002284   Section        0  pid.o(i.PID)
    i.PID_Init                               0x08002310   Section        0  pid.o(i.PID_Init)
    i.PID_SetControllerDirection             0x08002360   Section        0  pid.o(i.PID_SetControllerDirection)
    i.PID_SetMode                            0x080023a4   Section        0  pid.o(i.PID_SetMode)
    i.PID_SetOutputLimits                    0x080023c0   Section        0  pid.o(i.PID_SetOutputLimits)
    i.PID_SetSampleTime                      0x08002470   Section        0  pid.o(i.PID_SetSampleTime)
    i.PID_SetTunings2                        0x080024c8   Section        0  pid.o(i.PID_SetTunings2)
    i.PendSV_Handler                         0x080025b4   Section        0  stm32f4xx_it.o(i.PendSV_Handler)
    i.SVC_Handler                            0x080025b6   Section        0  stm32f4xx_it.o(i.SVC_Handler)
    i.SysTick_Handler                        0x080025b8   Section        0  stm32f4xx_it.o(i.SysTick_Handler)
    i.SystemClock_Config                     0x080025bc   Section        0  main.o(i.SystemClock_Config)
    i.SystemInit                             0x08002650   Section        0  system_stm32f4xx.o(i.SystemInit)
    i.UART_DMAAbortOnError                   0x08002660   Section        0  stm32f4xx_hal_uart.o(i.UART_DMAAbortOnError)
    UART_DMAAbortOnError                     0x08002661   Thumb Code    16  stm32f4xx_hal_uart.o(i.UART_DMAAbortOnError)
    i.UART_DMAError                          0x08002670   Section        0  stm32f4xx_hal_uart.o(i.UART_DMAError)
    UART_DMAError                            0x08002671   Thumb Code    74  stm32f4xx_hal_uart.o(i.UART_DMAError)
    i.UART_DMAReceiveCplt                    0x080026ba   Section        0  stm32f4xx_hal_uart.o(i.UART_DMAReceiveCplt)
    UART_DMAReceiveCplt                      0x080026bb   Thumb Code   130  stm32f4xx_hal_uart.o(i.UART_DMAReceiveCplt)
    i.UART_DMARxHalfCplt                     0x0800273c   Section        0  stm32f4xx_hal_uart.o(i.UART_DMARxHalfCplt)
    UART_DMARxHalfCplt                       0x0800273d   Thumb Code    26  stm32f4xx_hal_uart.o(i.UART_DMARxHalfCplt)
    i.UART_EndRxTransfer                     0x08002756   Section        0  stm32f4xx_hal_uart.o(i.UART_EndRxTransfer)
    UART_EndRxTransfer                       0x08002757   Thumb Code    78  stm32f4xx_hal_uart.o(i.UART_EndRxTransfer)
    i.UART_EndTxTransfer                     0x080027a4   Section        0  stm32f4xx_hal_uart.o(i.UART_EndTxTransfer)
    UART_EndTxTransfer                       0x080027a5   Thumb Code    28  stm32f4xx_hal_uart.o(i.UART_EndTxTransfer)
    i.UART_Receive_IT                        0x080027c0   Section        0  stm32f4xx_hal_uart.o(i.UART_Receive_IT)
    UART_Receive_IT                          0x080027c1   Thumb Code   192  stm32f4xx_hal_uart.o(i.UART_Receive_IT)
    i.UART_SetConfig                         0x08002880   Section        0  stm32f4xx_hal_uart.o(i.UART_SetConfig)
    UART_SetConfig                           0x08002881   Thumb Code   258  stm32f4xx_hal_uart.o(i.UART_SetConfig)
    i.UART_Start_Receive_DMA                 0x0800298c   Section        0  stm32f4xx_hal_uart.o(i.UART_Start_Receive_DMA)
    i.UART_WaitOnFlagUntilTimeout            0x08002a20   Section        0  stm32f4xx_hal_uart.o(i.UART_WaitOnFlagUntilTimeout)
    UART_WaitOnFlagUntilTimeout              0x08002a21   Thumb Code   120  stm32f4xx_hal_uart.o(i.UART_WaitOnFlagUntilTimeout)
    i.USART2_IRQHandler                      0x08002a98   Section        0  stm32f4xx_it.o(i.USART2_IRQHandler)
    i.UsageFault_Handler                     0x08002aa4   Section        0  stm32f4xx_it.o(i.UsageFault_Handler)
    i.__ARM_fpclassify                       0x08002aa6   Section        0  fpclassify.o(i.__ARM_fpclassify)
    i.__NVIC_SetPriority                     0x08002ad6   Section        0  stm32f4xx_hal_cortex.o(i.__NVIC_SetPriority)
    __NVIC_SetPriority                       0x08002ad7   Thumb Code    32  stm32f4xx_hal_cortex.o(i.__NVIC_SetPriority)
    i.__hardfp_atan                          0x08002af8   Section        0  atan.o(i.__hardfp_atan)
    i.__kernel_poly                          0x08002dd0   Section        0  poly.o(i.__kernel_poly)
    i.__mathlib_dbl_infnan                   0x08002ec8   Section        0  dunder.o(i.__mathlib_dbl_infnan)
    i.__mathlib_dbl_underflow                0x08002ee0   Section        0  dunder.o(i.__mathlib_dbl_underflow)
    i.checksum_generator                     0x08002f00   Section        0  komunikasi.o(i.checksum_generator)
    checksum_generator                       0x08002f01   Thumb Code    26  komunikasi.o(i.checksum_generator)
    i.checksum_generator                     0x08002f1a   Section        0  dynamixel.o(i.checksum_generator)
    checksum_generator                       0x08002f1b   Thumb Code    26  dynamixel.o(i.checksum_generator)
    i.dyna_calibrate                         0x08002f34   Section        0  dynamixel.o(i.dyna_calibrate)
    i.dyna_init                              0x08002f60   Section        0  dynamixel.o(i.dyna_init)
    i.dyna_scan                              0x08002f70   Section        0  dynamixel.o(i.dyna_scan)
    i.dyna_set_goal_position                 0x08002fc8   Section        0  dynamixel.o(i.dyna_set_goal_position)
    i.dyna_set_limit_CCW                     0x0800302c   Section        0  dynamixel.o(i.dyna_set_limit_CCW)
    i.dyna_set_limit_CW                      0x08003090   Section        0  dynamixel.o(i.dyna_set_limit_CW)
    i.dyna_set_moving_speed                  0x080030f4   Section        0  dynamixel.o(i.dyna_set_moving_speed)
    i.dyna_set_torque_enabler                0x08003160   Section        0  dynamixel.o(i.dyna_set_torque_enabler)
    i.fabs                                   0x080031c0   Section        0  fabs.o(i.fabs)
    i.fuzzy_set_membership_input             0x080031d8   Section        0  fuzzy.o(i.fuzzy_set_membership_input)
    i.fuzzy_set_membership_output            0x080031e6   Section        0  fuzzy.o(i.fuzzy_set_membership_output)
    i.husky_distance_prediction              0x080031f4   Section        0  huskylens_driver.o(i.husky_distance_prediction)
    i.husky_getAllArrowBlock                 0x08003244   Section        0  huskylens_driver.o(i.husky_getAllArrowBlock)
    i.husky_getBlocks                        0x080032a8   Section        0  huskylens_driver.o(i.husky_getBlocks)
    i.husky_setup                            0x08003350   Section        0  huskylens_driver.o(i.husky_setup)
    i.komunikasi_init                        0x080033c4   Section        0  komunikasi.o(i.komunikasi_init)
    i.main                                   0x080033d0   Section        0  main.o(i.main)
    i.rx_feedback                            0x08003798   Section        0  komunikasi.o(i.rx_feedback)
    i.rx_start                               0x080037f4   Section        0  komunikasi.o(i.rx_start)
    i.tx_move_steady                         0x08003804   Section        0  komunikasi.o(i.tx_move_steady)
    i.tx_statis                              0x08003848   Section        0  komunikasi.o(i.tx_statis)
    x$fpl$basic                              0x080038ac   Section       24  basic.o(x$fpl$basic)
    $v0                                      0x080038ac   Number         0  basic.o(x$fpl$basic)
    x$fpl$dadd                               0x080038c4   Section      336  daddsub_clz.o(x$fpl$dadd)
    $v0                                      0x080038c4   Number         0  daddsub_clz.o(x$fpl$dadd)
    _dadd1                                   0x080038d5   Thumb Code     0  daddsub_clz.o(x$fpl$dadd)
    x$fpl$dcmpinf                            0x08003a14   Section       24  dcmpi.o(x$fpl$dcmpinf)
    $v0                                      0x08003a14   Number         0  dcmpi.o(x$fpl$dcmpinf)
    x$fpl$ddiv                               0x08003a2c   Section      688  ddiv.o(x$fpl$ddiv)
    $v0                                      0x08003a2c   Number         0  ddiv.o(x$fpl$ddiv)
    ddiv_entry                               0x08003a33   Thumb Code     0  ddiv.o(x$fpl$ddiv)
    x$fpl$dflt                               0x08003cdc   Section       46  dflt_clz.o(x$fpl$dflt)
    $v0                                      0x08003cdc   Number         0  dflt_clz.o(x$fpl$dflt)
    x$fpl$dfltu                              0x08003d0a   Section       38  dflt_clz.o(x$fpl$dfltu)
    $v0                                      0x08003d0a   Number         0  dflt_clz.o(x$fpl$dfltu)
    x$fpl$dleqf                              0x08003d30   Section      120  dleqf.o(x$fpl$dleqf)
    $v0                                      0x08003d30   Number         0  dleqf.o(x$fpl$dleqf)
    x$fpl$dmul                               0x08003da8   Section      340  dmul.o(x$fpl$dmul)
    $v0                                      0x08003da8   Number         0  dmul.o(x$fpl$dmul)
    x$fpl$dnaninf                            0x08003efc   Section      156  dnaninf.o(x$fpl$dnaninf)
    $v0                                      0x08003efc   Number         0  dnaninf.o(x$fpl$dnaninf)
    x$fpl$dretinf                            0x08003f98   Section       12  dretinf.o(x$fpl$dretinf)
    $v0                                      0x08003f98   Number         0  dretinf.o(x$fpl$dretinf)
    x$fpl$drleqf                             0x08003fa4   Section      108  drleqf.o(x$fpl$drleqf)
    $v0                                      0x08003fa4   Number         0  drleqf.o(x$fpl$drleqf)
    x$fpl$drsb                               0x08004010   Section       22  daddsub_clz.o(x$fpl$drsb)
    $v0                                      0x08004010   Number         0  daddsub_clz.o(x$fpl$drsb)
    x$fpl$dsub                               0x08004028   Section      468  daddsub_clz.o(x$fpl$dsub)
    $v0                                      0x08004028   Number         0  daddsub_clz.o(x$fpl$dsub)
    _dsub1                                   0x08004039   Thumb Code     0  daddsub_clz.o(x$fpl$dsub)
    x$fpl$fpinit                             0x080041fc   Section       10  fpinit.o(x$fpl$fpinit)
    $v0                                      0x080041fc   Number         0  fpinit.o(x$fpl$fpinit)
    .constdata                               0x08004206   Section        8  stm32f4xx_hal_dma.o(.constdata)
    x$fpl$usenofp                            0x08004206   Section        0  usenofp.o(x$fpl$usenofp)
    flagBitshiftOffset                       0x08004206   Data           8  stm32f4xx_hal_dma.o(.constdata)
    .constdata                               0x0800420e   Section       16  system_stm32f4xx.o(.constdata)
    .constdata                               0x0800421e   Section        8  system_stm32f4xx.o(.constdata)
    .constdata                               0x08004228   Section      152  atan.o(.constdata)
    atanhi                                   0x08004228   Data          32  atan.o(.constdata)
    atanlo                                   0x08004248   Data          32  atan.o(.constdata)
    aTodd                                    0x08004268   Data          40  atan.o(.constdata)
    aTeven                                   0x08004290   Data          48  atan.o(.constdata)
    .data                                    0x20000000   Section        8  komunikasi.o(.data)
    rxbuf                                    0x20000000   Data           3  komunikasi.o(.data)
    huart                                    0x20000004   Data           4  komunikasi.o(.data)
    .data                                    0x20000008   Section        8  huskylens_driver.o(.data)
    HUSKY_ADDR                               0x20000008   Data           1  huskylens_driver.o(.data)
    hi2c                                     0x2000000c   Data           4  huskylens_driver.o(.data)
    .data                                    0x20000010   Section        4  dynamixel.o(.data)
    huart                                    0x20000010   Data           4  dynamixel.o(.data)
    .data                                    0x20000018   Section      168  main.o(.data)
    .data                                    0x200000c0   Section       12  stm32f4xx_hal.o(.data)
    .data                                    0x200000cc   Section        4  system_stm32f4xx.o(.data)
    .bss                                     0x200000d0   Section       10  dynamixel.o(.bss)
    rx_buf                                   0x200000d0   Data          10  dynamixel.o(.bss)
    .bss                                     0x200000e0   Section     1080  main.o(.bss)
    .bss                                     0x20000518   Section       96  main.o(.bss)
    .bss                                     0x20000578   Section       96  libspace.o(.bss)
    HEAP                                     0x200005d8   Section      512  startup_stm32f407xx.o(HEAP)
    Heap_Mem                                 0x200005d8   Data         512  startup_stm32f407xx.o(HEAP)
    STACK                                    0x200007d8   Section     1024  startup_stm32f407xx.o(STACK)
    Stack_Mem                                0x200007d8   Data        1024  startup_stm32f407xx.o(STACK)
    __initial_sp                             0x20000bd8   Data           0  startup_stm32f407xx.o(STACK)

    Global Symbols

    Symbol Name                              Value     Ov Type        Size  Object(Section)

    BuildAttributes$$THM_ISAv4$E$P$D$K$B$S$7EM$VFPi3$EXTD16$VFPS$VFMA$PE$A:L22UL41UL21$X:L11$S22US41US21$IEEE1$IW$USESV6$~STKCKD$USESV7$~SHL$OTIME$ROPI$IEEEX$EBA8$UX$STANDARDLIB$REQ8$PRES8$EABIv2 0x00000000   Number         0  anon$$obj.o ABSOLUTE
    __ARM_use_no_argv                        0x00000000   Number         0  main.o ABSOLUTE
    __ARM_exceptions_init                     - Undefined Weak Reference
    __alloca_initialize                       - Undefined Weak Reference
    __arm_fini_                               - Undefined Weak Reference
    __arm_preinit_                            - Undefined Weak Reference
    __cpp_initialize__aeabi_                  - Undefined Weak Reference
    __cxa_finalize                            - Undefined Weak Reference
    __rt_locale                               - Undefined Weak Reference
    __sigvec_lookup                           - Undefined Weak Reference
    _atexit_init                              - Undefined Weak Reference
    _call_atexit_fns                          - Undefined Weak Reference
    _clock_init                               - Undefined Weak Reference
    _fp_trap_init                             - Undefined Weak Reference
    _fp_trap_shutdown                         - Undefined Weak Reference
    _get_lc_collate                           - Undefined Weak Reference
    _get_lc_ctype                             - Undefined Weak Reference
    _get_lc_monetary                          - Undefined Weak Reference
    _get_lc_numeric                           - Undefined Weak Reference
    _get_lc_time                              - Undefined Weak Reference
    _getenv_init                              - Undefined Weak Reference
    _handle_redirection                       - Undefined Weak Reference
    _init_alloc                               - Undefined Weak Reference
    _init_user_alloc                          - Undefined Weak Reference
    _initio                                   - Undefined Weak Reference
    _rand_init                                - Undefined Weak Reference
    _signal_finish                            - Undefined Weak Reference
    _signal_init                              - Undefined Weak Reference
    _terminate_alloc                          - Undefined Weak Reference
    _terminate_user_alloc                     - Undefined Weak Reference
    _terminateio                              - Undefined Weak Reference
    __Vectors_Size                           0x00000188   Number         0  startup_stm32f407xx.o ABSOLUTE
    __Vectors                                0x08000000   Data           4  startup_stm32f407xx.o(RESET)
    __Vectors_End                            0x08000188   Data           0  startup_stm32f407xx.o(RESET)
    __main                                   0x08000189   Thumb Code     8  __main.o(!!!main)
    __scatterload                            0x08000191   Thumb Code     0  __scatter.o(!!!scatter)
    __scatterload_rt2                        0x08000191   Thumb Code    44  __scatter.o(!!!scatter)
    __scatterload_rt2_thumb_only             0x08000191   Thumb Code     0  __scatter.o(!!!scatter)
    __scatterload_null                       0x0800019f   Thumb Code     0  __scatter.o(!!!scatter)
    __scatterload_copy                       0x080001c5   Thumb Code    26  __scatter_copy.o(!!handler_copy)
    __scatterload_zeroinit                   0x080001e1   Thumb Code    28  __scatter_zi.o(!!handler_zi)
    __rt_lib_init                            0x080001fd   Thumb Code     0  libinit.o(.ARM.Collect$$libinit$$00000000)
    __rt_lib_init_fp_1                       0x080001ff   Thumb Code     0  libinit2.o(.ARM.Collect$$libinit$$00000001)
    __rt_lib_init_alloca_1                   0x08000203   Thumb Code     0  libinit2.o(.ARM.Collect$$libinit$$0000002E)
    __rt_lib_init_argv_1                     0x08000203   Thumb Code     0  libinit2.o(.ARM.Collect$$libinit$$0000002C)
    __rt_lib_init_atexit_1                   0x08000203   Thumb Code     0  libinit2.o(.ARM.Collect$$libinit$$0000001B)
    __rt_lib_init_clock_1                    0x08000203   Thumb Code     0  libinit2.o(.ARM.Collect$$libinit$$00000021)
    __rt_lib_init_cpp_1                      0x08000203   Thumb Code     0  libinit2.o(.ARM.Collect$$libinit$$00000032)
    __rt_lib_init_exceptions_1               0x08000203   Thumb Code     0  libinit2.o(.ARM.Collect$$libinit$$00000030)
    __rt_lib_init_fp_trap_1                  0x08000203   Thumb Code     0  libinit2.o(.ARM.Collect$$libinit$$0000001F)
    __rt_lib_init_getenv_1                   0x08000203   Thumb Code     0  libinit2.o(.ARM.Collect$$libinit$$00000023)
    __rt_lib_init_heap_1                     0x08000203   Thumb Code     0  libinit2.o(.ARM.Collect$$libinit$$0000000A)
    __rt_lib_init_lc_collate_1               0x08000203   Thumb Code     0  libinit2.o(.ARM.Collect$$libinit$$00000011)
    __rt_lib_init_lc_ctype_1                 0x08000203   Thumb Code     0  libinit2.o(.ARM.Collect$$libinit$$00000013)
    __rt_lib_init_lc_monetary_1              0x08000203   Thumb Code     0  libinit2.o(.ARM.Collect$$libinit$$00000015)
    __rt_lib_init_lc_numeric_1               0x08000203   Thumb Code     0  libinit2.o(.ARM.Collect$$libinit$$00000017)
    __rt_lib_init_lc_time_1                  0x08000203   Thumb Code     0  libinit2.o(.ARM.Collect$$libinit$$00000019)
    __rt_lib_init_preinit_1                  0x08000203   Thumb Code     0  libinit2.o(.ARM.Collect$$libinit$$00000004)
    __rt_lib_init_rand_1                     0x08000203   Thumb Code     0  libinit2.o(.ARM.Collect$$libinit$$0000000E)
    __rt_lib_init_return                     0x08000203   Thumb Code     0  libinit2.o(.ARM.Collect$$libinit$$00000033)
    __rt_lib_init_signal_1                   0x08000203   Thumb Code     0  libinit2.o(.ARM.Collect$$libinit$$0000001D)
    __rt_lib_init_stdio_1                    0x08000203   Thumb Code     0  libinit2.o(.ARM.Collect$$libinit$$00000025)
    __rt_lib_init_user_alloc_1               0x08000203   Thumb Code     0  libinit2.o(.ARM.Collect$$libinit$$0000000C)
    __rt_lib_shutdown                        0x08000205   Thumb Code     0  libshutdown.o(.ARM.Collect$$libshutdown$$00000000)
    __rt_lib_shutdown_cpp_1                  0x08000207   Thumb Code     0  libshutdown2.o(.ARM.Collect$$libshutdown$$00000004)
    __rt_lib_shutdown_fini_1                 0x08000207   Thumb Code     0  libshutdown2.o(.ARM.Collect$$libshutdown$$00000002)
    __rt_lib_shutdown_fp_trap_1              0x08000207   Thumb Code     0  libshutdown2.o(.ARM.Collect$$libshutdown$$00000009)
    __rt_lib_shutdown_heap_1                 0x08000207   Thumb Code     0  libshutdown2.o(.ARM.Collect$$libshutdown$$00000011)
    __rt_lib_shutdown_return                 0x08000207   Thumb Code     0  libshutdown2.o(.ARM.Collect$$libshutdown$$00000012)
    __rt_lib_shutdown_signal_1               0x08000207   Thumb Code     0  libshutdown2.o(.ARM.Collect$$libshutdown$$0000000C)
    __rt_lib_shutdown_stdio_1                0x08000207   Thumb Code     0  libshutdown2.o(.ARM.Collect$$libshutdown$$00000006)
    __rt_lib_shutdown_user_alloc_1           0x08000207   Thumb Code     0  libshutdown2.o(.ARM.Collect$$libshutdown$$0000000E)
    __rt_entry                               0x08000209   Thumb Code     0  __rtentry.o(.ARM.Collect$$rtentry$$00000000)
    __rt_entry_presh_1                       0x08000209   Thumb Code     0  __rtentry2.o(.ARM.Collect$$rtentry$$00000002)
    __rt_entry_sh                            0x08000209   Thumb Code     0  __rtentry4.o(.ARM.Collect$$rtentry$$00000004)
    __rt_entry_li                            0x0800020f   Thumb Code     0  __rtentry2.o(.ARM.Collect$$rtentry$$0000000A)
    __rt_entry_postsh_1                      0x0800020f   Thumb Code     0  __rtentry2.o(.ARM.Collect$$rtentry$$00000009)
    __rt_entry_main                          0x08000213   Thumb Code     0  __rtentry2.o(.ARM.Collect$$rtentry$$0000000D)
    __rt_entry_postli_1                      0x08000213   Thumb Code     0  __rtentry2.o(.ARM.Collect$$rtentry$$0000000C)
    __rt_exit                                0x0800021b   Thumb Code     0  rtexit.o(.ARM.Collect$$rtexit$$00000000)
    __rt_exit_ls                             0x0800021d   Thumb Code     0  rtexit2.o(.ARM.Collect$$rtexit$$00000003)
    __rt_exit_prels_1                        0x0800021d   Thumb Code     0  rtexit2.o(.ARM.Collect$$rtexit$$00000002)
    __rt_exit_exit                           0x08000221   Thumb Code     0  rtexit2.o(.ARM.Collect$$rtexit$$00000004)
    Reset_Handler                            0x08000229   Thumb Code     8  startup_stm32f407xx.o(.text)
    ADC_IRQHandler                           0x08000243   Thumb Code     0  startup_stm32f407xx.o(.text)
    CAN1_RX0_IRQHandler                      0x08000243   Thumb Code     0  startup_stm32f407xx.o(.text)
    CAN1_RX1_IRQHandler                      0x08000243   Thumb Code     0  startup_stm32f407xx.o(.text)
    CAN1_SCE_IRQHandler                      0x08000243   Thumb Code     0  startup_stm32f407xx.o(.text)
    CAN1_TX_IRQHandler                       0x08000243   Thumb Code     0  startup_stm32f407xx.o(.text)
    CAN2_RX0_IRQHandler                      0x08000243   Thumb Code     0  startup_stm32f407xx.o(.text)
    CAN2_RX1_IRQHandler                      0x08000243   Thumb Code     0  startup_stm32f407xx.o(.text)
    CAN2_SCE_IRQHandler                      0x08000243   Thumb Code     0  startup_stm32f407xx.o(.text)
    CAN2_TX_IRQHandler                       0x08000243   Thumb Code     0  startup_stm32f407xx.o(.text)
    DCMI_IRQHandler                          0x08000243   Thumb Code     0  startup_stm32f407xx.o(.text)
    DMA1_Stream0_IRQHandler                  0x08000243   Thumb Code     0  startup_stm32f407xx.o(.text)
    DMA1_Stream1_IRQHandler                  0x08000243   Thumb Code     0  startup_stm32f407xx.o(.text)
    DMA1_Stream2_IRQHandler                  0x08000243   Thumb Code     0  startup_stm32f407xx.o(.text)
    DMA1_Stream3_IRQHandler                  0x08000243   Thumb Code     0  startup_stm32f407xx.o(.text)
    DMA1_Stream4_IRQHandler                  0x08000243   Thumb Code     0  startup_stm32f407xx.o(.text)
    DMA1_Stream6_IRQHandler                  0x08000243   Thumb Code     0  startup_stm32f407xx.o(.text)
    DMA1_Stream7_IRQHandler                  0x08000243   Thumb Code     0  startup_stm32f407xx.o(.text)
    DMA2_Stream0_IRQHandler                  0x08000243   Thumb Code     0  startup_stm32f407xx.o(.text)
    DMA2_Stream1_IRQHandler                  0x08000243   Thumb Code     0  startup_stm32f407xx.o(.text)
    DMA2_Stream2_IRQHandler                  0x08000243   Thumb Code     0  startup_stm32f407xx.o(.text)
    DMA2_Stream3_IRQHandler                  0x08000243   Thumb Code     0  startup_stm32f407xx.o(.text)
    DMA2_Stream4_IRQHandler                  0x08000243   Thumb Code     0  startup_stm32f407xx.o(.text)
    DMA2_Stream5_IRQHandler                  0x08000243   Thumb Code     0  startup_stm32f407xx.o(.text)
    DMA2_Stream6_IRQHandler                  0x08000243   Thumb Code     0  startup_stm32f407xx.o(.text)
    DMA2_Stream7_IRQHandler                  0x08000243   Thumb Code     0  startup_stm32f407xx.o(.text)
    ETH_IRQHandler                           0x08000243   Thumb Code     0  startup_stm32f407xx.o(.text)
    ETH_WKUP_IRQHandler                      0x08000243   Thumb Code     0  startup_stm32f407xx.o(.text)
    EXTI0_IRQHandler                         0x08000243   Thumb Code     0  startup_stm32f407xx.o(.text)
    EXTI15_10_IRQHandler                     0x08000243   Thumb Code     0  startup_stm32f407xx.o(.text)
    EXTI1_IRQHandler                         0x08000243   Thumb Code     0  startup_stm32f407xx.o(.text)
    EXTI2_IRQHandler                         0x08000243   Thumb Code     0  startup_stm32f407xx.o(.text)
    EXTI3_IRQHandler                         0x08000243   Thumb Code     0  startup_stm32f407xx.o(.text)
    EXTI4_IRQHandler                         0x08000243   Thumb Code     0  startup_stm32f407xx.o(.text)
    EXTI9_5_IRQHandler                       0x08000243   Thumb Code     0  startup_stm32f407xx.o(.text)
    FLASH_IRQHandler                         0x08000243   Thumb Code     0  startup_stm32f407xx.o(.text)
    FMC_IRQHandler                           0x08000243   Thumb Code     0  startup_stm32f407xx.o(.text)
    FPU_IRQHandler                           0x08000243   Thumb Code     0  startup_stm32f407xx.o(.text)
    HASH_RNG_IRQHandler                      0x08000243   Thumb Code     0  startup_stm32f407xx.o(.text)
    I2C1_ER_IRQHandler                       0x08000243   Thumb Code     0  startup_stm32f407xx.o(.text)
    I2C1_EV_IRQHandler                       0x08000243   Thumb Code     0  startup_stm32f407xx.o(.text)
    I2C2_ER_IRQHandler                       0x08000243   Thumb Code     0  startup_stm32f407xx.o(.text)
    I2C2_EV_IRQHandler                       0x08000243   Thumb Code     0  startup_stm32f407xx.o(.text)
    I2C3_ER_IRQHandler                       0x08000243   Thumb Code     0  startup_stm32f407xx.o(.text)
    I2C3_EV_IRQHandler                       0x08000243   Thumb Code     0  startup_stm32f407xx.o(.text)
    OTG_FS_IRQHandler                        0x08000243   Thumb Code     0  startup_stm32f407xx.o(.text)
    OTG_FS_WKUP_IRQHandler                   0x08000243   Thumb Code     0  startup_stm32f407xx.o(.text)
    OTG_HS_EP1_IN_IRQHandler                 0x08000243   Thumb Code     0  startup_stm32f407xx.o(.text)
    OTG_HS_EP1_OUT_IRQHandler                0x08000243   Thumb Code     0  startup_stm32f407xx.o(.text)
    OTG_HS_IRQHandler                        0x08000243   Thumb Code     0  startup_stm32f407xx.o(.text)
    OTG_HS_WKUP_IRQHandler                   0x08000243   Thumb Code     0  startup_stm32f407xx.o(.text)
    PVD_IRQHandler                           0x08000243   Thumb Code     0  startup_stm32f407xx.o(.text)
    RCC_IRQHandler                           0x08000243   Thumb Code     0  startup_stm32f407xx.o(.text)
    RTC_Alarm_IRQHandler                     0x08000243   Thumb Code     0  startup_stm32f407xx.o(.text)
    RTC_WKUP_IRQHandler                      0x08000243   Thumb Code     0  startup_stm32f407xx.o(.text)
    SDIO_IRQHandler                          0x08000243   Thumb Code     0  startup_stm32f407xx.o(.text)
    SPI1_IRQHandler                          0x08000243   Thumb Code     0  startup_stm32f407xx.o(.text)
    SPI2_IRQHandler                          0x08000243   Thumb Code     0  startup_stm32f407xx.o(.text)
    SPI3_IRQHandler                          0x08000243   Thumb Code     0  startup_stm32f407xx.o(.text)
    TAMP_STAMP_IRQHandler                    0x08000243   Thumb Code     0  startup_stm32f407xx.o(.text)
    TIM1_BRK_TIM9_IRQHandler                 0x08000243   Thumb Code     0  startup_stm32f407xx.o(.text)
    TIM1_CC_IRQHandler                       0x08000243   Thumb Code     0  startup_stm32f407xx.o(.text)
    TIM1_TRG_COM_TIM11_IRQHandler            0x08000243   Thumb Code     0  startup_stm32f407xx.o(.text)
    TIM1_UP_TIM10_IRQHandler                 0x08000243   Thumb Code     0  startup_stm32f407xx.o(.text)
    TIM2_IRQHandler                          0x08000243   Thumb Code     0  startup_stm32f407xx.o(.text)
    TIM3_IRQHandler                          0x08000243   Thumb Code     0  startup_stm32f407xx.o(.text)
    TIM4_IRQHandler                          0x08000243   Thumb Code     0  startup_stm32f407xx.o(.text)
    TIM5_IRQHandler                          0x08000243   Thumb Code     0  startup_stm32f407xx.o(.text)
    TIM6_DAC_IRQHandler                      0x08000243   Thumb Code     0  startup_stm32f407xx.o(.text)
    TIM7_IRQHandler                          0x08000243   Thumb Code     0  startup_stm32f407xx.o(.text)
    TIM8_BRK_TIM12_IRQHandler                0x08000243   Thumb Code     0  startup_stm32f407xx.o(.text)
    TIM8_CC_IRQHandler                       0x08000243   Thumb Code     0  startup_stm32f407xx.o(.text)
    TIM8_TRG_COM_TIM14_IRQHandler            0x08000243   Thumb Code     0  startup_stm32f407xx.o(.text)
    TIM8_UP_TIM13_IRQHandler                 0x08000243   Thumb Code     0  startup_stm32f407xx.o(.text)
    UART4_IRQHandler                         0x08000243   Thumb Code     0  startup_stm32f407xx.o(.text)
    UART5_IRQHandler                         0x08000243   Thumb Code     0  startup_stm32f407xx.o(.text)
    USART1_IRQHandler                        0x08000243   Thumb Code     0  startup_stm32f407xx.o(.text)
    USART3_IRQHandler                        0x08000243   Thumb Code     0  startup_stm32f407xx.o(.text)
    USART6_IRQHandler                        0x08000243   Thumb Code     0  startup_stm32f407xx.o(.text)
    WWDG_IRQHandler                          0x08000243   Thumb Code     0  startup_stm32f407xx.o(.text)
    __user_initial_stackheap                 0x08000245   Thumb Code     0  startup_stm32f407xx.o(.text)
    __aeabi_uldivmod                         0x08000269   Thumb Code     0  lludivv7m.o(.text)
    _ll_udiv                                 0x08000269   Thumb Code   238  lludivv7m.o(.text)
    __aeabi_memcpy                           0x08000357   Thumb Code     0  rt_memcpy_v6.o(.text)
    __rt_memcpy                              0x08000357   Thumb Code   138  rt_memcpy_v6.o(.text)
    _memcpy_lastbytes                        0x080003bd   Thumb Code     0  rt_memcpy_v6.o(.text)
    __aeabi_memcpy4                          0x080003e1   Thumb Code     0  rt_memcpy_w.o(.text)
    __aeabi_memcpy8                          0x080003e1   Thumb Code     0  rt_memcpy_w.o(.text)
    __rt_memcpy_w                            0x080003e1   Thumb Code   100  rt_memcpy_w.o(.text)
    _memcpy_lastbytes_aligned                0x08000429   Thumb Code     0  rt_memcpy_w.o(.text)
    __aeabi_memclr4                          0x08000445   Thumb Code     0  rt_memclr_w.o(.text)
    __aeabi_memclr8                          0x08000445   Thumb Code     0  rt_memclr_w.o(.text)
    __rt_memclr_w                            0x08000445   Thumb Code    78  rt_memclr_w.o(.text)
    _memset_w                                0x08000449   Thumb Code     0  rt_memclr_w.o(.text)
    __use_two_region_memory                  0x08000493   Thumb Code     2  heapauxi.o(.text)
    __rt_heap_escrow$2region                 0x08000495   Thumb Code     2  heapauxi.o(.text)
    __rt_heap_expand$2region                 0x08000497   Thumb Code     2  heapauxi.o(.text)
    __user_setup_stackheap                   0x08000499   Thumb Code    74  sys_stackheap_outer.o(.text)
    exit                                     0x080004e3   Thumb Code    18  exit.o(.text)
    __user_libspace                          0x080004f5   Thumb Code     8  libspace.o(.text)
    __user_perproc_libspace                  0x080004f5   Thumb Code     0  libspace.o(.text)
    __user_perthread_libspace                0x080004f5   Thumb Code     0  libspace.o(.text)
    _sys_exit                                0x080004fd   Thumb Code     8  sys_exit.o(.text)
    __I$use$semihosting                      0x08000509   Thumb Code     0  use_no_semi.o(.text)
    __use_no_semihosting_swi                 0x08000509   Thumb Code     2  use_no_semi.o(.text)
    BusFault_Handler                         0x0800050b   Thumb Code     2  stm32f4xx_it.o(i.BusFault_Handler)
    __semihosting_library_function           0x0800050b   Thumb Code     0  indicate_semi.o(.text)
    DMA1_Stream5_IRQHandler                  0x0800050d   Thumb Code     6  stm32f4xx_it.o(i.DMA1_Stream5_IRQHandler)
    DWT_Delay_Init                           0x080005bd   Thumb Code    58  dwt_delay.o(i.DWT_Delay_Init)
    DebugMon_Handler                         0x08000601   Thumb Code     2  stm32f4xx_it.o(i.DebugMon_Handler)
    Error_Handler                            0x08000603   Thumb Code     4  main.o(i.Error_Handler)
    HAL_DMA_Abort                            0x08000607   Thumb Code   146  stm32f4xx_hal_dma.o(i.HAL_DMA_Abort)
    HAL_DMA_Abort_IT                         0x08000699   Thumb Code    36  stm32f4xx_hal_dma.o(i.HAL_DMA_Abort_IT)
    HAL_DMA_IRQHandler                       0x080006bd   Thumb Code   412  stm32f4xx_hal_dma.o(i.HAL_DMA_IRQHandler)
    HAL_DMA_Init                             0x0800085d   Thumb Code   206  stm32f4xx_hal_dma.o(i.HAL_DMA_Init)
    HAL_DMA_Start_IT                         0x08000931   Thumb Code   110  stm32f4xx_hal_dma.o(i.HAL_DMA_Start_IT)
    HAL_Delay                                0x080009a1   Thumb Code    32  stm32f4xx_hal.o(i.HAL_Delay)
    HAL_GPIO_Init                            0x080009c5   Thumb Code   450  stm32f4xx_hal_gpio.o(i.HAL_GPIO_Init)
    HAL_GPIO_TogglePin                       0x08000bb5   Thumb Code    16  stm32f4xx_hal_gpio.o(i.HAL_GPIO_TogglePin)
    HAL_GPIO_WritePin                        0x08000bc5   Thumb Code    10  stm32f4xx_hal_gpio.o(i.HAL_GPIO_WritePin)
    HAL_GetTick                              0x08000bd1   Thumb Code     6  stm32f4xx_hal.o(i.HAL_GetTick)
    HAL_HalfDuplex_EnableReceiver            0x08000bdd   Thumb Code    50  stm32f4xx_hal_uart.o(i.HAL_HalfDuplex_EnableReceiver)
    HAL_HalfDuplex_EnableTransmitter         0x08000c0f   Thumb Code    50  stm32f4xx_hal_uart.o(i.HAL_HalfDuplex_EnableTransmitter)
    HAL_HalfDuplex_Init                      0x08000c41   Thumb Code   108  stm32f4xx_hal_uart.o(i.HAL_HalfDuplex_Init)
    HAL_I2C_Init                             0x08000cad   Thumb Code   376  stm32f4xx_hal_i2c.o(i.HAL_I2C_Init)
    HAL_I2C_Master_Receive                   0x08000e35   Thumb Code   468  stm32f4xx_hal_i2c.o(i.HAL_I2C_Master_Receive)
    HAL_I2C_Master_Transmit                  0x08001015   Thumb Code   290  stm32f4xx_hal_i2c.o(i.HAL_I2C_Master_Transmit)
    HAL_I2C_MspInit                          0x08001141   Thumb Code   208  stm32f4xx_hal_msp.o(i.HAL_I2C_MspInit)
    HAL_IncTick                              0x08001229   Thumb Code    12  stm32f4xx_hal.o(i.HAL_IncTick)
    HAL_Init                                 0x08001239   Thumb Code    48  stm32f4xx_hal.o(i.HAL_Init)
    HAL_InitTick                             0x0800126d   Thumb Code    54  stm32f4xx_hal.o(i.HAL_InitTick)
    HAL_MspInit                              0x080012ad   Thumb Code    42  stm32f4xx_hal_msp.o(i.HAL_MspInit)
    HAL_NVIC_EnableIRQ                       0x080012dd   Thumb Code    26  stm32f4xx_hal_cortex.o(i.HAL_NVIC_EnableIRQ)
    HAL_NVIC_SetPriority                     0x080012f9   Thumb Code    60  stm32f4xx_hal_cortex.o(i.HAL_NVIC_SetPriority)
    HAL_NVIC_SetPriorityGrouping             0x08001339   Thumb Code    26  stm32f4xx_hal_cortex.o(i.HAL_NVIC_SetPriorityGrouping)
    HAL_RCC_ClockConfig                      0x0800135d   Thumb Code   288  stm32f4xx_hal_rcc.o(i.HAL_RCC_ClockConfig)
    HAL_RCC_GetPCLK1Freq                     0x08001491   Thumb Code    20  stm32f4xx_hal_rcc.o(i.HAL_RCC_GetPCLK1Freq)
    HAL_RCC_GetPCLK2Freq                     0x080014b1   Thumb Code    20  stm32f4xx_hal_rcc.o(i.HAL_RCC_GetPCLK2Freq)
    HAL_RCC_GetSysClockFreq                  0x080014d1   Thumb Code    88  stm32f4xx_hal_rcc.o(i.HAL_RCC_GetSysClockFreq)
    HAL_RCC_OscConfig                        0x08001535   Thumb Code   856  stm32f4xx_hal_rcc.o(i.HAL_RCC_OscConfig)
    HAL_SYSTICK_Config                       0x080018a1   Thumb Code    40  stm32f4xx_hal_cortex.o(i.HAL_SYSTICK_Config)
    HAL_UARTEx_RxEventCallback               0x080018c9   Thumb Code     2  stm32f4xx_hal_uart.o(i.HAL_UARTEx_RxEventCallback)
    HAL_UART_ErrorCallback                   0x080018cb   Thumb Code     2  stm32f4xx_hal_uart.o(i.HAL_UART_ErrorCallback)
    HAL_UART_IRQHandler                      0x080018cd   Thumb Code   610  stm32f4xx_hal_uart.o(i.HAL_UART_IRQHandler)
    HAL_UART_Init                            0x08001b35   Thumb Code    98  stm32f4xx_hal_uart.o(i.HAL_UART_Init)
    HAL_UART_MspInit                         0x08001b99   Thumb Code   220  stm32f4xx_hal_msp.o(i.HAL_UART_MspInit)
    HAL_UART_Receive                         0x08001c8d   Thumb Code   192  stm32f4xx_hal_uart.o(i.HAL_UART_Receive)
    HAL_UART_Receive_DMA                     0x08001d4d   Thumb Code    42  stm32f4xx_hal_uart.o(i.HAL_UART_Receive_DMA)
    HAL_UART_RxCpltCallback                  0x08001d79   Thumb Code    22  main.o(i.HAL_UART_RxCpltCallback)
    HAL_UART_RxHalfCpltCallback              0x08001d95   Thumb Code     2  stm32f4xx_hal_uart.o(i.HAL_UART_RxHalfCpltCallback)
    HAL_UART_Transmit                        0x08001d99   Thumb Code   178  stm32f4xx_hal_uart.o(i.HAL_UART_Transmit)
    HAL_UART_TxCpltCallback                  0x08001e4b   Thumb Code     2  stm32f4xx_hal_uart.o(i.HAL_UART_TxCpltCallback)
    HardFault_Handler                        0x08001e4d   Thumb Code     2  stm32f4xx_it.o(i.HardFault_Handler)
    MemManage_Handler                        0x08002281   Thumb Code     2  stm32f4xx_it.o(i.MemManage_Handler)
    NMI_Handler                              0x08002283   Thumb Code     2  stm32f4xx_it.o(i.NMI_Handler)
    PID                                      0x08002285   Thumb Code   122  pid.o(i.PID)
    PID_Init                                 0x08002311   Thumb Code    80  pid.o(i.PID_Init)
    PID_SetControllerDirection               0x08002361   Thumb Code    68  pid.o(i.PID_SetControllerDirection)
    PID_SetMode                              0x080023a5   Thumb Code    28  pid.o(i.PID_SetMode)
    PID_SetOutputLimits                      0x080023c1   Thumb Code   176  pid.o(i.PID_SetOutputLimits)
    PID_SetSampleTime                        0x08002471   Thumb Code    88  pid.o(i.PID_SetSampleTime)
    PID_SetTunings2                          0x080024c9   Thumb Code   220  pid.o(i.PID_SetTunings2)
    PendSV_Handler                           0x080025b5   Thumb Code     2  stm32f4xx_it.o(i.PendSV_Handler)
    SVC_Handler                              0x080025b7   Thumb Code     2  stm32f4xx_it.o(i.SVC_Handler)
    SysTick_Handler                          0x080025b9   Thumb Code     4  stm32f4xx_it.o(i.SysTick_Handler)
    SystemClock_Config                       0x080025bd   Thumb Code   140  main.o(i.SystemClock_Config)
    SystemInit                               0x08002651   Thumb Code    12  system_stm32f4xx.o(i.SystemInit)
    UART_Start_Receive_DMA                   0x0800298d   Thumb Code   134  stm32f4xx_hal_uart.o(i.UART_Start_Receive_DMA)
    USART2_IRQHandler                        0x08002a99   Thumb Code     6  stm32f4xx_it.o(i.USART2_IRQHandler)
    UsageFault_Handler                       0x08002aa5   Thumb Code     2  stm32f4xx_it.o(i.UsageFault_Handler)
    __ARM_fpclassify                         0x08002aa7   Thumb Code    48  fpclassify.o(i.__ARM_fpclassify)
    __hardfp_atan                            0x08002af9   Thumb Code   622  atan.o(i.__hardfp_atan)
    __kernel_poly                            0x08002dd1   Thumb Code   248  poly.o(i.__kernel_poly)
    __mathlib_dbl_infnan                     0x08002ec9   Thumb Code    20  dunder.o(i.__mathlib_dbl_infnan)
    __mathlib_dbl_underflow                  0x08002ee1   Thumb Code    24  dunder.o(i.__mathlib_dbl_underflow)
    dyna_calibrate                           0x08002f35   Thumb Code    42  dynamixel.o(i.dyna_calibrate)
    dyna_init                                0x08002f61   Thumb Code    10  dynamixel.o(i.dyna_init)
    dyna_scan                                0x08002f71   Thumb Code    88  dynamixel.o(i.dyna_scan)
    dyna_set_goal_position                   0x08002fc9   Thumb Code    80  dynamixel.o(i.dyna_set_goal_position)
    dyna_set_limit_CCW                       0x0800302d   Thumb Code    80  dynamixel.o(i.dyna_set_limit_CCW)
    dyna_set_limit_CW                        0x08003091   Thumb Code    80  dynamixel.o(i.dyna_set_limit_CW)
    dyna_set_moving_speed                    0x080030f5   Thumb Code    88  dynamixel.o(i.dyna_set_moving_speed)
    dyna_set_torque_enabler                  0x08003161   Thumb Code    74  dynamixel.o(i.dyna_set_torque_enabler)
    fabs                                     0x080031c1   Thumb Code    24  fabs.o(i.fabs)
    fuzzy_set_membership_input               0x080031d9   Thumb Code    14  fuzzy.o(i.fuzzy_set_membership_input)
    fuzzy_set_membership_output              0x080031e7   Thumb Code    14  fuzzy.o(i.fuzzy_set_membership_output)
    husky_distance_prediction                0x080031f5   Thumb Code    80  huskylens_driver.o(i.husky_distance_prediction)
    husky_getAllArrowBlock                   0x08003245   Thumb Code    86  huskylens_driver.o(i.husky_getAllArrowBlock)
    husky_getBlocks                          0x080032a9   Thumb Code   154  huskylens_driver.o(i.husky_getBlocks)
    husky_setup                              0x08003351   Thumb Code   102  huskylens_driver.o(i.husky_setup)
    komunikasi_init                          0x080033c5   Thumb Code     6  komunikasi.o(i.komunikasi_init)
    main                                     0x080033d1   Thumb Code   794  main.o(i.main)
    rx_feedback                              0x08003799   Thumb Code    86  komunikasi.o(i.rx_feedback)
    rx_start                                 0x080037f5   Thumb Code    12  komunikasi.o(i.rx_start)
    tx_move_steady                           0x08003805   Thumb Code    48  komunikasi.o(i.tx_move_steady)
    tx_statis                                0x08003849   Thumb Code    78  komunikasi.o(i.tx_statis)
    __aeabi_dneg                             0x080038ad   Thumb Code     0  basic.o(x$fpl$basic)
    _dneg                                    0x080038ad   Thumb Code     6  basic.o(x$fpl$basic)
    __aeabi_fneg                             0x080038b3   Thumb Code     0  basic.o(x$fpl$basic)
    _fneg                                    0x080038b3   Thumb Code     6  basic.o(x$fpl$basic)
    _dabs                                    0x080038b9   Thumb Code     6  basic.o(x$fpl$basic)
    _fabs                                    0x080038bf   Thumb Code     6  basic.o(x$fpl$basic)
    __aeabi_dadd                             0x080038c5   Thumb Code     0  daddsub_clz.o(x$fpl$dadd)
    _dadd                                    0x080038c5   Thumb Code   332  daddsub_clz.o(x$fpl$dadd)
    __fpl_dcmp_Inf                           0x08003a15   Thumb Code    24  dcmpi.o(x$fpl$dcmpinf)
    __aeabi_ddiv                             0x08003a2d   Thumb Code     0  ddiv.o(x$fpl$ddiv)
    _ddiv                                    0x08003a2d   Thumb Code   552  ddiv.o(x$fpl$ddiv)
    __aeabi_i2d                              0x08003cdd   Thumb Code     0  dflt_clz.o(x$fpl$dflt)
    _dflt                                    0x08003cdd   Thumb Code    46  dflt_clz.o(x$fpl$dflt)
    __aeabi_ui2d                             0x08003d0b   Thumb Code     0  dflt_clz.o(x$fpl$dfltu)
    _dfltu                                   0x08003d0b   Thumb Code    38  dflt_clz.o(x$fpl$dfltu)
    __aeabi_cdcmple                          0x08003d31   Thumb Code     0  dleqf.o(x$fpl$dleqf)
    _dcmple                                  0x08003d31   Thumb Code   120  dleqf.o(x$fpl$dleqf)
    __fpl_dcmple_InfNaN                      0x08003d93   Thumb Code     0  dleqf.o(x$fpl$dleqf)
    __aeabi_dmul                             0x08003da9   Thumb Code     0  dmul.o(x$fpl$dmul)
    _dmul                                    0x08003da9   Thumb Code   332  dmul.o(x$fpl$dmul)
    __fpl_dnaninf                            0x08003efd   Thumb Code   156  dnaninf.o(x$fpl$dnaninf)
    __fpl_dretinf                            0x08003f99   Thumb Code    12  dretinf.o(x$fpl$dretinf)
    __aeabi_cdrcmple                         0x08003fa5   Thumb Code     0  drleqf.o(x$fpl$drleqf)
    _drcmple                                 0x08003fa5   Thumb Code   108  drleqf.o(x$fpl$drleqf)
    __aeabi_drsub                            0x08004011   Thumb Code     0  daddsub_clz.o(x$fpl$drsb)
    _drsb                                    0x08004011   Thumb Code    22  daddsub_clz.o(x$fpl$drsb)
    __aeabi_dsub                             0x08004029   Thumb Code     0  daddsub_clz.o(x$fpl$dsub)
    _dsub                                    0x08004029   Thumb Code   464  daddsub_clz.o(x$fpl$dsub)
    _fp_init                                 0x080041fd   Thumb Code    10  fpinit.o(x$fpl$fpinit)
    __fplib_config_fpu_vfp                   0x08004205   Thumb Code     0  fpinit.o(x$fpl$fpinit)
    __fplib_config_pureend_doubles           0x08004205   Thumb Code     0  fpinit.o(x$fpl$fpinit)
    __I$use$fp                               0x08004206   Number         0  usenofp.o(x$fpl$usenofp)
    AHBPrescTable                            0x0800420e   Data          16  system_stm32f4xx.o(.constdata)
    APBPrescTable                            0x0800421e   Data           8  system_stm32f4xx.o(.constdata)
    Region$$Table$$Base                      0x080042c0   Number         0  anon$$obj.o(Region$$Table)
    Region$$Table$$Limit                     0x080042e0   Number         0  anon$$obj.o(Region$$Table)
    status                                   0x20000018   Data           1  main.o(.data)
    dyna_sudut                               0x2000001a   Data           2  main.o(.data)
    feeding                                  0x2000001c   Data           7  main.o(.data)
    husky_distance                           0x20000028   Data           8  main.o(.data)
    kanan                                    0x20000030   Data           8  main.o(.data)
    kiri                                     0x20000038   Data           8  main.o(.data)
    depan                                    0x20000040   Data           8  main.o(.data)
    belakang                                 0x20000048   Data           8  main.o(.data)
    FRV                                      0x20000050   Data           8  main.o(.data)
    BRV                                      0x20000058   Data           8  main.o(.data)
    FLV                                      0x20000060   Data           8  main.o(.data)
    BLV                                      0x20000068   Data           8  main.o(.data)
    FFV                                      0x20000070   Data           8  main.o(.data)
    BBV                                      0x20000078   Data           8  main.o(.data)
    res                                      0x20000080   Data           8  main.o(.data)
    husky_res                                0x20000088   Data           8  main.o(.data)
    distance                                 0x20000090   Data           8  main.o(.data)
    PID_output                               0x20000098   Data           8  main.o(.data)
    distance_setpoint                        0x200000a0   Data           8  main.o(.data)
    rot                                      0x200000a8   Data           8  main.o(.data)
    PID_rot_output                           0x200000b0   Data           8  main.o(.data)
    rot_setpoint                             0x200000b8   Data           8  main.o(.data)
    uwTickFreq                               0x200000c0   Data           1  stm32f4xx_hal.o(.data)
    uwTickPrio                               0x200000c4   Data           4  stm32f4xx_hal.o(.data)
    uwTick                                   0x200000c8   Data           4  stm32f4xx_hal.o(.data)
    SystemCoreClock                          0x200000cc   Data           4  system_stm32f4xx.o(.data)
    hi2c2                                    0x200000e0   Data          84  main.o(.bss)
    hi2c3                                    0x20000134   Data          84  main.o(.bss)
    huart4                                   0x20000188   Data          68  main.o(.bss)
    huart2                                   0x200001cc   Data          68  main.o(.bss)
    huskAll                                  0x20000210   Data          56  main.o(.bss)
    blocks                                   0x20000248   Data          66  main.o(.bss)
    FR                                       0x20000290   Data          40  main.o(.bss)
    BR                                       0x200002b8   Data          40  main.o(.bss)
    FL                                       0x200002e0   Data          40  main.o(.bss)
    BL                                       0x20000308   Data          40  main.o(.bss)
    FF                                       0x20000330   Data          40  main.o(.bss)
    BB                                       0x20000358   Data          40  main.o(.bss)
    ax                                       0x20000380   Data          36  main.o(.bss)
    input_fuzzy                              0x200003a8   Data          24  main.o(.bss)
    rotasi_input_fuzzy                       0x200003c0   Data          24  main.o(.bss)
    husky_input_fuzzy                        0x200003d8   Data          24  main.o(.bss)
    output_fuzzy                             0x200003f0   Data          24  main.o(.bss)
    rotasi_output_fuzzy                      0x20000408   Data          24  main.o(.bss)
    husky_output_fuzzy                       0x20000420   Data          24  main.o(.bss)
    fuz_fic_input                            0x20000438   Data          24  main.o(.bss)
    husky_fuz_fic_input                      0x20000450   Data          24  main.o(.bss)
    defuz                                    0x20000468   Data          32  main.o(.bss)
    husky_defuz                              0x20000488   Data          32  main.o(.bss)
    hPID                                     0x200004a8   Data         112  main.o(.bss)
    hdma_usart2_rx                           0x20000518   Data          96  main.o(.bss)
    __libspace_start                         0x20000578   Data          96  libspace.o(.bss)
    __temporary_stack_top$libspace           0x200005d8   Data           0  libspace.o(.bss)



==============================================================================

Memory Map of the image

  Image Entry point : 0x08000189

  Load Region LR_IROM1 (Base: 0x08000000, Size: 0x000043b0, Max: 0x00080000, ABSOLUTE)

    Execution Region ER_IROM1 (Exec base: 0x08000000, Load base: 0x08000000, Size: 0x000042e0, Max: 0x00080000, ABSOLUTE)

    Exec Addr    Load Addr    Size         Type   Attr      Idx    E Section Name        Object

    0x08000000   0x08000000   0x00000188   Data   RO            3    RESET               startup_stm32f407xx.o
    0x08000188   0x08000188   0x00000008   Code   RO         3059  * !!!main             c_w.l(__main.o)
    0x08000190   0x08000190   0x00000034   Code   RO         3307    !!!scatter          c_w.l(__scatter.o)
    0x080001c4   0x080001c4   0x0000001a   Code   RO         3309    !!handler_copy      c_w.l(__scatter_copy.o)
    0x080001de   0x080001de   0x00000002   PAD
    0x080001e0   0x080001e0   0x0000001c   Code   RO         3311    !!handler_zi        c_w.l(__scatter_zi.o)
    0x080001fc   0x080001fc   0x00000002   Code   RO         3175    .ARM.Collect$$libinit$$00000000  c_w.l(libinit.o)
    0x080001fe   0x080001fe   0x00000004   Code   RO         3187    .ARM.Collect$$libinit$$00000001  c_w.l(libinit2.o)
    0x08000202   0x08000202   0x00000000   Code   RO         3190    .ARM.Collect$$libinit$$00000004  c_w.l(libinit2.o)
    0x08000202   0x08000202   0x00000000   Code   RO         3193    .ARM.Collect$$libinit$$0000000A  c_w.l(libinit2.o)
    0x08000202   0x08000202   0x00000000   Code   RO         3195    .ARM.Collect$$libinit$$0000000C  c_w.l(libinit2.o)
    0x08000202   0x08000202   0x00000000   Code   RO         3197    .ARM.Collect$$libinit$$0000000E  c_w.l(libinit2.o)
    0x08000202   0x08000202   0x00000000   Code   RO         3200    .ARM.Collect$$libinit$$00000011  c_w.l(libinit2.o)
    0x08000202   0x08000202   0x00000000   Code   RO         3202    .ARM.Collect$$libinit$$00000013  c_w.l(libinit2.o)
    0x08000202   0x08000202   0x00000000   Code   RO         3204    .ARM.Collect$$libinit$$00000015  c_w.l(libinit2.o)
    0x08000202   0x08000202   0x00000000   Code   RO         3206    .ARM.Collect$$libinit$$00000017  c_w.l(libinit2.o)
    0x08000202   0x08000202   0x00000000   Code   RO         3208    .ARM.Collect$$libinit$$00000019  c_w.l(libinit2.o)
    0x08000202   0x08000202   0x00000000   Code   RO         3210    .ARM.Collect$$libinit$$0000001B  c_w.l(libinit2.o)
    0x08000202   0x08000202   0x00000000   Code   RO         3212    .ARM.Collect$$libinit$$0000001D  c_w.l(libinit2.o)
    0x08000202   0x08000202   0x00000000   Code   RO         3214    .ARM.Collect$$libinit$$0000001F  c_w.l(libinit2.o)
    0x08000202   0x08000202   0x00000000   Code   RO         3216    .ARM.Collect$$libinit$$00000021  c_w.l(libinit2.o)
    0x08000202   0x08000202   0x00000000   Code   RO         3218    .ARM.Collect$$libinit$$00000023  c_w.l(libinit2.o)
    0x08000202   0x08000202   0x00000000   Code   RO         3220    .ARM.Collect$$libinit$$00000025  c_w.l(libinit2.o)
    0x08000202   0x08000202   0x00000000   Code   RO         3224    .ARM.Collect$$libinit$$0000002C  c_w.l(libinit2.o)
    0x08000202   0x08000202   0x00000000   Code   RO         3226    .ARM.Collect$$libinit$$0000002E  c_w.l(libinit2.o)
    0x08000202   0x08000202   0x00000000   Code   RO         3228    .ARM.Collect$$libinit$$00000030  c_w.l(libinit2.o)
    0x08000202   0x08000202   0x00000000   Code   RO         3230    .ARM.Collect$$libinit$$00000032  c_w.l(libinit2.o)
    0x08000202   0x08000202   0x00000002   Code   RO         3231    .ARM.Collect$$libinit$$00000033  c_w.l(libinit2.o)
    0x08000204   0x08000204   0x00000002   Code   RO         3262    .ARM.Collect$$libshutdown$$00000000  c_w.l(libshutdown.o)
    0x08000206   0x08000206   0x00000000   Code   RO         3288    .ARM.Collect$$libshutdown$$00000002  c_w.l(libshutdown2.o)
    0x08000206   0x08000206   0x00000000   Code   RO         3290    .ARM.Collect$$libshutdown$$00000004  c_w.l(libshutdown2.o)
    0x08000206   0x08000206   0x00000000   Code   RO         3292    .ARM.Collect$$libshutdown$$00000006  c_w.l(libshutdown2.o)
    0x08000206   0x08000206   0x00000000   Code   RO         3295    .ARM.Collect$$libshutdown$$00000009  c_w.l(libshutdown2.o)
    0x08000206   0x08000206   0x00000000   Code   RO         3298    .ARM.Collect$$libshutdown$$0000000C  c_w.l(libshutdown2.o)
    0x08000206   0x08000206   0x00000000   Code   RO         3300    .ARM.Collect$$libshutdown$$0000000E  c_w.l(libshutdown2.o)
    0x08000206   0x08000206   0x00000000   Code   RO         3303    .ARM.Collect$$libshutdown$$00000011  c_w.l(libshutdown2.o)
    0x08000206   0x08000206   0x00000002   Code   RO         3304    .ARM.Collect$$libshutdown$$00000012  c_w.l(libshutdown2.o)
    0x08000208   0x08000208   0x00000000   Code   RO         3109    .ARM.Collect$$rtentry$$00000000  c_w.l(__rtentry.o)
    0x08000208   0x08000208   0x00000000   Code   RO         3146    .ARM.Collect$$rtentry$$00000002  c_w.l(__rtentry2.o)
    0x08000208   0x08000208   0x00000006   Code   RO         3158    .ARM.Collect$$rtentry$$00000004  c_w.l(__rtentry4.o)
    0x0800020e   0x0800020e   0x00000000   Code   RO         3148    .ARM.Collect$$rtentry$$00000009  c_w.l(__rtentry2.o)
    0x0800020e   0x0800020e   0x00000004   Code   RO         3149    .ARM.Collect$$rtentry$$0000000A  c_w.l(__rtentry2.o)
    0x08000212   0x08000212   0x00000000   Code   RO         3151    .ARM.Collect$$rtentry$$0000000C  c_w.l(__rtentry2.o)
    0x08000212   0x08000212   0x00000008   Code   RO         3152    .ARM.Collect$$rtentry$$0000000D  c_w.l(__rtentry2.o)
    0x0800021a   0x0800021a   0x00000002   Code   RO         3179    .ARM.Collect$$rtexit$$00000000  c_w.l(rtexit.o)
    0x0800021c   0x0800021c   0x00000000   Code   RO         3235    .ARM.Collect$$rtexit$$00000002  c_w.l(rtexit2.o)
    0x0800021c   0x0800021c   0x00000004   Code   RO         3236    .ARM.Collect$$rtexit$$00000003  c_w.l(rtexit2.o)
    0x08000220   0x08000220   0x00000006   Code   RO         3237    .ARM.Collect$$rtexit$$00000004  c_w.l(rtexit2.o)
    0x08000226   0x08000226   0x00000002   PAD
    0x08000228   0x08000228   0x00000040   Code   RO            4    .text               startup_stm32f407xx.o
    0x08000268   0x08000268   0x000000ee   Code   RO         3049    .text               c_w.l(lludivv7m.o)
    0x08000356   0x08000356   0x0000008a   Code   RO         3051    .text               c_w.l(rt_memcpy_v6.o)
    0x080003e0   0x080003e0   0x00000064   Code   RO         3053    .text               c_w.l(rt_memcpy_w.o)
    0x08000444   0x08000444   0x0000004e   Code   RO         3055    .text               c_w.l(rt_memclr_w.o)
    0x08000492   0x08000492   0x00000006   Code   RO         3057    .text               c_w.l(heapauxi.o)
    0x08000498   0x08000498   0x0000004a   Code   RO         3162    .text               c_w.l(sys_stackheap_outer.o)
    0x080004e2   0x080004e2   0x00000012   Code   RO         3164    .text               c_w.l(exit.o)
    0x080004f4   0x080004f4   0x00000008   Code   RO         3176    .text               c_w.l(libspace.o)
    0x080004fc   0x080004fc   0x0000000c   Code   RO         3232    .text               c_w.l(sys_exit.o)
    0x08000508   0x08000508   0x00000002   Code   RO         3251    .text               c_w.l(use_no_semi.o)
    0x0800050a   0x0800050a   0x00000000   Code   RO         3253    .text               c_w.l(indicate_semi.o)
    0x0800050a   0x0800050a   0x00000002   Code   RO          900    i.BusFault_Handler  stm32f4xx_it.o
    0x0800050c   0x0800050c   0x0000000c   Code   RO          901    i.DMA1_Stream5_IRQHandler  stm32f4xx_it.o
    0x08000518   0x08000518   0x00000028   Code   RO         1946    i.DMA_CalcBaseAndBitshift  stm32f4xx_hal_dma.o
    0x08000540   0x08000540   0x00000054   Code   RO         1947    i.DMA_CheckFifoParam  stm32f4xx_hal_dma.o
    0x08000594   0x08000594   0x00000028   Code   RO         1948    i.DMA_SetConfig     stm32f4xx_hal_dma.o
    0x080005bc   0x080005bc   0x00000044   Code   RO           13    i.DWT_Delay_Init    dwt_delay.o
    0x08000600   0x08000600   0x00000002   Code   RO          902    i.DebugMon_Handler  stm32f4xx_it.o
    0x08000602   0x08000602   0x00000004   Code   RO          767    i.Error_Handler     main.o
    0x08000606   0x08000606   0x00000092   Code   RO         1949    i.HAL_DMA_Abort     stm32f4xx_hal_dma.o
    0x08000698   0x08000698   0x00000024   Code   RO         1950    i.HAL_DMA_Abort_IT  stm32f4xx_hal_dma.o
    0x080006bc   0x080006bc   0x000001a0   Code   RO         1954    i.HAL_DMA_IRQHandler  stm32f4xx_hal_dma.o
    0x0800085c   0x0800085c   0x000000d4   Code   RO         1955    i.HAL_DMA_Init      stm32f4xx_hal_dma.o
    0x08000930   0x08000930   0x0000006e   Code   RO         1959    i.HAL_DMA_Start_IT  stm32f4xx_hal_dma.o
    0x0800099e   0x0800099e   0x00000002   PAD
    0x080009a0   0x080009a0   0x00000024   Code   RO         2368    i.HAL_Delay         stm32f4xx_hal.o
    0x080009c4   0x080009c4   0x000001f0   Code   RO         1842    i.HAL_GPIO_Init     stm32f4xx_hal_gpio.o
    0x08000bb4   0x08000bb4   0x00000010   Code   RO         1845    i.HAL_GPIO_TogglePin  stm32f4xx_hal_gpio.o
    0x08000bc4   0x08000bc4   0x0000000a   Code   RO         1846    i.HAL_GPIO_WritePin  stm32f4xx_hal_gpio.o
    0x08000bce   0x08000bce   0x00000002   PAD
    0x08000bd0   0x08000bd0   0x0000000c   Code   RO         2374    i.HAL_GetTick       stm32f4xx_hal.o
    0x08000bdc   0x08000bdc   0x00000032   Code   RO         2655    i.HAL_HalfDuplex_EnableReceiver  stm32f4xx_hal_uart.o
    0x08000c0e   0x08000c0e   0x00000032   Code   RO         2656    i.HAL_HalfDuplex_EnableTransmitter  stm32f4xx_hal_uart.o
    0x08000c40   0x08000c40   0x0000006c   Code   RO         2657    i.HAL_HalfDuplex_Init  stm32f4xx_hal_uart.o
    0x08000cac   0x08000cac   0x00000188   Code   RO         1048    i.HAL_I2C_Init      stm32f4xx_hal_i2c.o
    0x08000e34   0x08000e34   0x000001e0   Code   RO         1054    i.HAL_I2C_Master_Receive  stm32f4xx_hal_i2c.o
    0x08001014   0x08001014   0x0000012c   Code   RO         1061    i.HAL_I2C_Master_Transmit  stm32f4xx_hal_i2c.o
    0x08001140   0x08001140   0x000000e8   Code   RO          989    i.HAL_I2C_MspInit   stm32f4xx_hal_msp.o
    0x08001228   0x08001228   0x00000010   Code   RO         2380    i.HAL_IncTick       stm32f4xx_hal.o
    0x08001238   0x08001238   0x00000034   Code   RO         2381    i.HAL_Init          stm32f4xx_hal.o
    0x0800126c   0x0800126c   0x00000040   Code   RO         2382    i.HAL_InitTick      stm32f4xx_hal.o
    0x080012ac   0x080012ac   0x00000030   Code   RO          990    i.HAL_MspInit       stm32f4xx_hal_msp.o
    0x080012dc   0x080012dc   0x0000001a   Code   RO         2231    i.HAL_NVIC_EnableIRQ  stm32f4xx_hal_cortex.o
    0x080012f6   0x080012f6   0x00000002   PAD
    0x080012f8   0x080012f8   0x00000040   Code   RO         2237    i.HAL_NVIC_SetPriority  stm32f4xx_hal_cortex.o
    0x08001338   0x08001338   0x00000024   Code   RO         2238    i.HAL_NVIC_SetPriorityGrouping  stm32f4xx_hal_cortex.o
    0x0800135c   0x0800135c   0x00000134   Code   RO         1488    i.HAL_RCC_ClockConfig  stm32f4xx_hal_rcc.o
    0x08001490   0x08001490   0x00000020   Code   RO         1495    i.HAL_RCC_GetPCLK1Freq  stm32f4xx_hal_rcc.o
    0x080014b0   0x080014b0   0x00000020   Code   RO         1496    i.HAL_RCC_GetPCLK2Freq  stm32f4xx_hal_rcc.o
    0x080014d0   0x080014d0   0x00000064   Code   RO         1497    i.HAL_RCC_GetSysClockFreq  stm32f4xx_hal_rcc.o
    0x08001534   0x08001534   0x0000036c   Code   RO         1500    i.HAL_RCC_OscConfig  stm32f4xx_hal_rcc.o
    0x080018a0   0x080018a0   0x00000028   Code   RO         2242    i.HAL_SYSTICK_Config  stm32f4xx_hal_cortex.o
    0x080018c8   0x080018c8   0x00000002   Code   RO         2666    i.HAL_UARTEx_RxEventCallback  stm32f4xx_hal_uart.o
    0x080018ca   0x080018ca   0x00000002   Code   RO         2680    i.HAL_UART_ErrorCallback  stm32f4xx_hal_uart.o
    0x080018cc   0x080018cc   0x00000268   Code   RO         2683    i.HAL_UART_IRQHandler  stm32f4xx_hal_uart.o
    0x08001b34   0x08001b34   0x00000062   Code   RO         2684    i.HAL_UART_Init     stm32f4xx_hal_uart.o
    0x08001b96   0x08001b96   0x00000002   PAD
    0x08001b98   0x08001b98   0x000000f4   Code   RO          992    i.HAL_UART_MspInit  stm32f4xx_hal_msp.o
    0x08001c8c   0x08001c8c   0x000000c0   Code   RO         2687    i.HAL_UART_Receive  stm32f4xx_hal_uart.o
    0x08001d4c   0x08001d4c   0x0000002a   Code   RO         2688    i.HAL_UART_Receive_DMA  stm32f4xx_hal_uart.o
    0x08001d76   0x08001d76   0x00000002   PAD
    0x08001d78   0x08001d78   0x0000001c   Code   RO          768    i.HAL_UART_RxCpltCallback  main.o
    0x08001d94   0x08001d94   0x00000002   Code   RO         2691    i.HAL_UART_RxHalfCpltCallback  stm32f4xx_hal_uart.o
    0x08001d96   0x08001d96   0x00000002   PAD
    0x08001d98   0x08001d98   0x000000b2   Code   RO         2692    i.HAL_UART_Transmit  stm32f4xx_hal_uart.o
    0x08001e4a   0x08001e4a   0x00000002   Code   RO         2695    i.HAL_UART_TxCpltCallback  stm32f4xx_hal_uart.o
    0x08001e4c   0x08001e4c   0x00000002   Code   RO          903    i.HardFault_Handler  stm32f4xx_it.o
    0x08001e4e   0x08001e4e   0x0000002e   Code   RO         1090    i.I2C_IsAcknowledgeFailed  stm32f4xx_hal_i2c.o
    0x08001e7c   0x08001e7c   0x000000ec   Code   RO         1093    i.I2C_MasterRequestRead  stm32f4xx_hal_i2c.o
    0x08001f68   0x08001f68   0x0000009c   Code   RO         1094    i.I2C_MasterRequestWrite  stm32f4xx_hal_i2c.o
    0x08002004   0x08002004   0x0000004c   Code   RO         1105    i.I2C_WaitOnBTFFlagUntilTimeout  stm32f4xx_hal_i2c.o
    0x08002050   0x08002050   0x00000068   Code   RO         1106    i.I2C_WaitOnFlagUntilTimeout  stm32f4xx_hal_i2c.o
    0x080020b8   0x080020b8   0x00000096   Code   RO         1107    i.I2C_WaitOnMasterAddressFlagUntilTimeout  stm32f4xx_hal_i2c.o
    0x0800214e   0x0800214e   0x00000066   Code   RO         1108    i.I2C_WaitOnRXNEFlagUntilTimeout  stm32f4xx_hal_i2c.o
    0x080021b4   0x080021b4   0x0000004c   Code   RO         1109    i.I2C_WaitOnTXEFlagUntilTimeout  stm32f4xx_hal_i2c.o
    0x08002200   0x08002200   0x00000080   Code   RO          769    i.MX_GPIO_Init      main.o
    0x08002280   0x08002280   0x00000002   Code   RO          904    i.MemManage_Handler  stm32f4xx_it.o
    0x08002282   0x08002282   0x00000002   Code   RO          905    i.NMI_Handler       stm32f4xx_it.o
    0x08002284   0x08002284   0x0000008c   Code   RO          471    i.PID               pid.o
    0x08002310   0x08002310   0x00000050   Code   RO          479    i.PID_Init          pid.o
    0x08002360   0x08002360   0x00000044   Code   RO          480    i.PID_SetControllerDirection  pid.o
    0x080023a4   0x080023a4   0x0000001c   Code   RO          481    i.PID_SetMode       pid.o
    0x080023c0   0x080023c0   0x000000b0   Code   RO          482    i.PID_SetOutputLimits  pid.o
    0x08002470   0x08002470   0x00000058   Code   RO          483    i.PID_SetSampleTime  pid.o
    0x080024c8   0x080024c8   0x000000ec   Code   RO          485    i.PID_SetTunings2   pid.o
    0x080025b4   0x080025b4   0x00000002   Code   RO          906    i.PendSV_Handler    stm32f4xx_it.o
    0x080025b6   0x080025b6   0x00000002   Code   RO          907    i.SVC_Handler       stm32f4xx_it.o
    0x080025b8   0x080025b8   0x00000004   Code   RO          908    i.SysTick_Handler   stm32f4xx_it.o
    0x080025bc   0x080025bc   0x00000094   Code   RO          770    i.SystemClock_Config  main.o
    0x08002650   0x08002650   0x00000010   Code   RO         3013    i.SystemInit        system_stm32f4xx.o
    0x08002660   0x08002660   0x00000010   Code   RO         2697    i.UART_DMAAbortOnError  stm32f4xx_hal_uart.o
    0x08002670   0x08002670   0x0000004a   Code   RO         2698    i.UART_DMAError     stm32f4xx_hal_uart.o
    0x080026ba   0x080026ba   0x00000082   Code   RO         2699    i.UART_DMAReceiveCplt  stm32f4xx_hal_uart.o
    0x0800273c   0x0800273c   0x0000001a   Code   RO         2701    i.UART_DMARxHalfCplt  stm32f4xx_hal_uart.o
    0x08002756   0x08002756   0x0000004e   Code   RO         2707    i.UART_EndRxTransfer  stm32f4xx_hal_uart.o
    0x080027a4   0x080027a4   0x0000001c   Code   RO         2708    i.UART_EndTxTransfer  stm32f4xx_hal_uart.o
    0x080027c0   0x080027c0   0x000000c0   Code   RO         2709    i.UART_Receive_IT   stm32f4xx_hal_uart.o
    0x08002880   0x08002880   0x0000010c   Code   RO         2710    i.UART_SetConfig    stm32f4xx_hal_uart.o
    0x0800298c   0x0800298c   0x00000094   Code   RO         2711    i.UART_Start_Receive_DMA  stm32f4xx_hal_uart.o
    0x08002a20   0x08002a20   0x00000078   Code   RO         2713    i.UART_WaitOnFlagUntilTimeout  stm32f4xx_hal_uart.o
    0x08002a98   0x08002a98   0x0000000c   Code   RO          909    i.USART2_IRQHandler  stm32f4xx_it.o
    0x08002aa4   0x08002aa4   0x00000002   Code   RO          910    i.UsageFault_Handler  stm32f4xx_it.o
    0x08002aa6   0x08002aa6   0x00000030   Code   RO         3141    i.__ARM_fpclassify  m_wm.l(fpclassify.o)
    0x08002ad6   0x08002ad6   0x00000020   Code   RO         2244    i.__NVIC_SetPriority  stm32f4xx_hal_cortex.o
    0x08002af6   0x08002af6   0x00000002   PAD
    0x08002af8   0x08002af8   0x000002d8   Code   RO         3095    i.__hardfp_atan     m_wm.l(atan.o)
    0x08002dd0   0x08002dd0   0x000000f8   Code   RO         3143    i.__kernel_poly     m_wm.l(poly.o)
    0x08002ec8   0x08002ec8   0x00000014   Code   RO         3122    i.__mathlib_dbl_infnan  m_wm.l(dunder.o)
    0x08002edc   0x08002edc   0x00000004   PAD
    0x08002ee0   0x08002ee0   0x00000020   Code   RO         3127    i.__mathlib_dbl_underflow  m_wm.l(dunder.o)
    0x08002f00   0x08002f00   0x0000001a   Code   RO          197    i.checksum_generator  komunikasi.o
    0x08002f1a   0x08002f1a   0x0000001a   Code   RO          588    i.checksum_generator  dynamixel.o
    0x08002f34   0x08002f34   0x0000002a   Code   RO          589    i.dyna_calibrate    dynamixel.o
    0x08002f5e   0x08002f5e   0x00000002   PAD
    0x08002f60   0x08002f60   0x00000010   Code   RO          591    i.dyna_init         dynamixel.o
    0x08002f70   0x08002f70   0x00000058   Code   RO          597    i.dyna_scan         dynamixel.o
    0x08002fc8   0x08002fc8   0x00000064   Code   RO          600    i.dyna_set_goal_position  dynamixel.o
    0x0800302c   0x0800302c   0x00000064   Code   RO          603    i.dyna_set_limit_CCW  dynamixel.o
    0x08003090   0x08003090   0x00000064   Code   RO          604    i.dyna_set_limit_CW  dynamixel.o
    0x080030f4   0x080030f4   0x0000006c   Code   RO          607    i.dyna_set_moving_speed  dynamixel.o
    0x08003160   0x08003160   0x00000060   Code   RO          610    i.dyna_set_torque_enabler  dynamixel.o
    0x080031c0   0x080031c0   0x00000018   Code   RO         3137    i.fabs              m_wm.l(fabs.o)
    0x080031d8   0x080031d8   0x0000000e   Code   RO          138    i.fuzzy_set_membership_input  fuzzy.o
    0x080031e6   0x080031e6   0x0000000e   Code   RO          139    i.fuzzy_set_membership_output  fuzzy.o
    0x080031f4   0x080031f4   0x00000050   Code   RO          327    i.husky_distance_prediction  huskylens_driver.o
    0x08003244   0x08003244   0x00000064   Code   RO          329    i.husky_getAllArrowBlock  huskylens_driver.o
    0x080032a8   0x080032a8   0x000000a8   Code   RO          334    i.husky_getBlocks   huskylens_driver.o
    0x08003350   0x08003350   0x00000074   Code   RO          343    i.husky_setup       huskylens_driver.o
    0x080033c4   0x080033c4   0x0000000c   Code   RO          198    i.komunikasi_init   komunikasi.o
    0x080033d0   0x080033d0   0x000003c8   Code   RO          772    i.main              main.o
    0x08003798   0x08003798   0x0000005c   Code   RO          199    i.rx_feedback       komunikasi.o
    0x080037f4   0x080037f4   0x00000010   Code   RO          201    i.rx_start          komunikasi.o
    0x08003804   0x08003804   0x00000044   Code   RO          205    i.tx_move_steady    komunikasi.o
    0x08003848   0x08003848   0x00000064   Code   RO          208    i.tx_statis         komunikasi.o
    0x080038ac   0x080038ac   0x00000018   Code   RO         3061    x$fpl$basic         fz_wm.l(basic.o)
    0x080038c4   0x080038c4   0x00000150   Code   RO         3063    x$fpl$dadd          fz_wm.l(daddsub_clz.o)
    0x08003a14   0x08003a14   0x00000018   Code   RO         3114    x$fpl$dcmpinf       fz_wm.l(dcmpi.o)
    0x08003a2c   0x08003a2c   0x000002b0   Code   RO         3070    x$fpl$ddiv          fz_wm.l(ddiv.o)
    0x08003cdc   0x08003cdc   0x0000002e   Code   RO         3084    x$fpl$dflt          fz_wm.l(dflt_clz.o)
    0x08003d0a   0x08003d0a   0x00000026   Code   RO         3083    x$fpl$dfltu         fz_wm.l(dflt_clz.o)
    0x08003d30   0x08003d30   0x00000078   Code   RO         3089    x$fpl$dleqf         fz_wm.l(dleqf.o)
    0x08003da8   0x08003da8   0x00000154   Code   RO         3091    x$fpl$dmul          fz_wm.l(dmul.o)
    0x08003efc   0x08003efc   0x0000009c   Code   RO         3116    x$fpl$dnaninf       fz_wm.l(dnaninf.o)
    0x08003f98   0x08003f98   0x0000000c   Code   RO         3118    x$fpl$dretinf       fz_wm.l(dretinf.o)
    0x08003fa4   0x08003fa4   0x0000006c   Code   RO         3093    x$fpl$drleqf        fz_wm.l(drleqf.o)
    0x08004010   0x08004010   0x00000016   Code   RO         3064    x$fpl$drsb          fz_wm.l(daddsub_clz.o)
    0x08004026   0x08004026   0x00000002   PAD
    0x08004028   0x08004028   0x000001d4   Code   RO         3065    x$fpl$dsub          fz_wm.l(daddsub_clz.o)
    0x080041fc   0x080041fc   0x0000000a   Code   RO         3247    x$fpl$fpinit        fz_wm.l(fpinit.o)
    0x08004206   0x08004206   0x00000000   Code   RO         3120    x$fpl$usenofp       fz_wm.l(usenofp.o)
    0x08004206   0x08004206   0x00000008   Data   RO         1961    .constdata          stm32f4xx_hal_dma.o
    0x0800420e   0x0800420e   0x00000010   Data   RO         3014    .constdata          system_stm32f4xx.o
    0x0800421e   0x0800421e   0x00000008   Data   RO         3015    .constdata          system_stm32f4xx.o
    0x08004226   0x08004226   0x00000002   PAD
    0x08004228   0x08004228   0x00000098   Data   RO         3098    .constdata          m_wm.l(atan.o)
    0x080042c0   0x080042c0   0x00000020   Data   RO         3305    Region$$Table       anon$$obj.o


    Execution Region RW_IRAM1 (Exec base: 0x20000000, Load base: 0x080042e0, Size: 0x00000bd8, Max: 0x0001c000, ABSOLUTE)

    Exec Addr    Load Addr    Size         Type   Attr      Idx    E Section Name        Object

    0x20000000   0x080042e0   0x00000008   Data   RW          210    .data               komunikasi.o
    0x20000008   0x080042e8   0x00000008   Data   RW          346    .data               huskylens_driver.o
    0x20000010   0x080042f0   0x00000004   Data   RW          615    .data               dynamixel.o
    0x20000014   0x080042f4   0x00000004   PAD
    0x20000018   0x080042f8   0x000000a8   Data   RW          786    .data               main.o
    0x200000c0   0x080043a0   0x0000000c   Data   RW         2388    .data               stm32f4xx_hal.o
    0x200000cc   0x080043ac   0x00000004   Data   RW         3016    .data               system_stm32f4xx.o
    0x200000d0        -       0x0000000a   Zero   RW          614    .bss                dynamixel.o
    0x200000da   0x080043b0   0x00000006   PAD
    0x200000e0        -       0x00000438   Zero   RW          780    .bss                main.o
    0x20000518        -       0x00000060   Zero   RW          781    .bss                main.o
    0x20000578        -       0x00000060   Zero   RW         3177    .bss                c_w.l(libspace.o)
    0x200005d8        -       0x00000200   Zero   RW            2    HEAP                startup_stm32f407xx.o
    0x200007d8        -       0x00000400   Zero   RW            1    STACK               startup_stm32f407xx.o


    Execution Region RW_IRAM2 (Exec base: 0x2001c000, Load base: 0x080043b0, Size: 0x00000000, Max: 0x00004000, ABSOLUTE)

    **** No section assigned to this execution region ****


==============================================================================

Image component sizes


      Code (inc. data)   RO Data    RW Data    ZI Data      Debug   Object Name

        68         10          0          0          0     665613   dwt_delay.o
       676        108          0          4         10       6681   dynamixel.o
        28          0          0          0          0       2135   fuzzy.o
       464         42          0          8          0       5077   huskylens_driver.o
       314         58          0          8          0       4872   komunikasi.o
      1276        198          0        168       1176      12079   main.o
       816         34          0          0          0       5944   pid.o
        64         26        392          0       1536        840   startup_stm32f407xx.o
       180         28          0         12          0       9389   stm32f4xx_hal.o
       198         14          0          0          0      33927   stm32f4xx_hal_cortex.o
      1084         16          8          0          0       7322   stm32f4xx_hal_dma.o
       522         46          0          0          0       2821   stm32f4xx_hal_gpio.o
      2118         50          0          0          0      12534   stm32f4xx_hal_i2c.o
       524         54          0          0          0       2708   stm32f4xx_hal_msp.o
      1348         76          0          0          0       5216   stm32f4xx_hal_rcc.o
      2422         30          0          0          0      18016   stm32f4xx_hal_uart.o
        44         12          0          0          0       5084   stm32f4xx_it.o
        16          4         24          4          0       1115   system_stm32f4xx.o

    ----------------------------------------------------------------------
     12178        806        458        208       2728     801373   Object Totals
         0          0         32          0          0          0   (incl. Generated)
        16          0          2          4          6          0   (incl. Padding)

    ----------------------------------------------------------------------

      Code (inc. data)   RO Data    RW Data    ZI Data      Debug   Library Member Name

         8          0          0          0          0         68   __main.o
         0          0          0          0          0          0   __rtentry.o
        12          0          0          0          0          0   __rtentry2.o
         6          0          0          0          0          0   __rtentry4.o
        52          8          0          0          0          0   __scatter.o
        26          0          0          0          0          0   __scatter_copy.o
        28          0          0          0          0          0   __scatter_zi.o
        18          0          0          0          0         80   exit.o
         6          0          0          0          0        152   heapauxi.o
         0          0          0          0          0          0   indicate_semi.o
         2          0          0          0          0          0   libinit.o
         6          0          0          0          0          0   libinit2.o
         2          0          0          0          0          0   libshutdown.o
         2          0          0          0          0          0   libshutdown2.o
         8          4          0          0         96         68   libspace.o
       238          0          0          0          0        100   lludivv7m.o
        78          0          0          0          0         80   rt_memclr_w.o
       138          0          0          0          0         68   rt_memcpy_v6.o
       100          0          0          0          0         80   rt_memcpy_w.o
         2          0          0          0          0          0   rtexit.o
        10          0          0          0          0          0   rtexit2.o
        12          4          0          0          0         68   sys_exit.o
        74          0          0          0          0         80   sys_stackheap_outer.o
         2          0          0          0          0         68   use_no_semi.o
        24          0          0          0          0        164   basic.o
       826         16          0          0          0        492   daddsub_clz.o
        24          0          0          0          0        116   dcmpi.o
       688        140          0          0          0        256   ddiv.o
        84          0          0          0          0        232   dflt_clz.o
       120          4          0          0          0        140   dleqf.o
       340         12          0          0          0        152   dmul.o
       156          4          0          0          0        140   dnaninf.o
        12          0          0          0          0        116   dretinf.o
       108          0          0          0          0        128   drleqf.o
        10          0          0          0          0        116   fpinit.o
         0          0          0          0          0          0   usenofp.o
       728        106        152          0          0        228   atan.o
        52          8          0          0          0        248   dunder.o
        24          0          0          0          0        124   fabs.o
        48          0          0          0          0        124   fpclassify.o
       248          0          0          0          0        152   poly.o

    ----------------------------------------------------------------------
      4332        306        152          0         96       3840   Library Totals
        10          0          0          0          0          0   (incl. Padding)

    ----------------------------------------------------------------------

      Code (inc. data)   RO Data    RW Data    ZI Data      Debug   Library Name

       830         16          0          0         96        912   c_w.l
      2392        176          0          0          0       2052   fz_wm.l
      1100        114        152          0          0        876   m_wm.l

    ----------------------------------------------------------------------
      4332        306        152          0         96       3840   Library Totals

    ----------------------------------------------------------------------

==============================================================================


      Code (inc. data)   RO Data    RW Data    ZI Data      Debug   

     16510       1112        610        208       2824     792949   Grand Totals
     16510       1112        610        208       2824     792949   ELF Image Totals
     16510       1112        610        208          0          0   ROM Totals

==============================================================================

    Total RO  Size (Code + RO Data)                17120 (  16.72kB)
    Total RW  Size (RW Data + ZI Data)              3032 (   2.96kB)
    Total ROM Size (Code + RO Data + RW Data)      17328 (  16.92kB)

==============================================================================

